Archive member included because of file (symbol)

/opt/microchip/xc32/v1.33/bin/bin/../../lib/gcc/pic32mx/4.5.2/../../../../pic32mx/lib/libmchp_peripheral.a(open_core_timer_lib.o)
                              build/default/production/main.o (OpenCoreTimer)
/opt/microchip/xc32/v1.33/bin/bin/../../lib/gcc/pic32mx/4.5.2/../../../../pic32mx/lib/libmchp_peripheral_32MX695F512H.a(pcache.o)
                              build/default/production/main.o (CheKseg0CacheOn)
/opt/microchip/xc32/v1.33/bin/bin/../../lib/gcc/pic32mx/4.5.2/../../../../pic32mx/lib/libmchp_peripheral_32MX695F512H.a(int_disable_interrupts_lib.o)
                              build/default/production/main.o (INTDisableInterrupts)
/opt/microchip/xc32/v1.33/bin/bin/../../lib/gcc/pic32mx/4.5.2/../../../../pic32mx/lib/libmchp_peripheral_32MX695F512H.a(int_restore_interrupts_lib.o)
                              build/default/production/main.o (INTRestoreInterrupts)
/opt/microchip/xc32/v1.33/bin/bin/../../lib/gcc/pic32mx/4.5.2/../../../../pic32mx/lib/libmchp_peripheral_32MX695F512H.a(int_enable_mv_int_lib.o)
                              build/default/production/main.o (INTEnableSystemMultiVectoredInt)
/opt/microchip/xc32/v1.33/bin/bin/../../lib/gcc/pic32mx/4.5.2/../../../../pic32mx/lib/libmchp_peripheral_32MX695F512H.a(uart_lib.o)
                              build/default/production/main.o (UARTEnable)
/opt/microchip/xc32/v1.33/bin/bin/../../lib/gcc/pic32mx/4.5.2/../../../../pic32mx/lib/libmchp_peripheral_32MX695F512H.a(int_enable_interrupts_lib.o)
                              /opt/microchip/xc32/v1.33/bin/bin/../../lib/gcc/pic32mx/4.5.2/../../../../pic32mx/lib/libmchp_peripheral_32MX695F512H.a(int_enable_mv_int_lib.o) (INTEnableInterrupts)
/opt/microchip/xc32/v1.33/bin/bin/../../lib/gcc/pic32mx/4.5.2/../../../../pic32mx/lib/libpic32.a(memcpy.o)
                              build/default/production/main.o (memcpy)
/opt/microchip/xc32/v1.33/bin/bin/../../lib/gcc/pic32mx/4.5.2/../../../../pic32mx/lib/libpic32.a(memset.o)
                              build/default/production/main.o (memset)
/opt/microchip/xc32/v1.33/bin/bin/../../lib/gcc/pic32mx/4.5.2/../../../../pic32mx/lib/libpic32.a(strcmp.o)
                              build/default/production/main.o (strcmp)
/opt/microchip/xc32/v1.33/bin/bin/../../lib/gcc/pic32mx/4.5.2/../../../../pic32mx/lib/libpic32.a(strcpy.o)
                              build/default/production/main.o (strcpy)
/opt/microchip/xc32/v1.33/bin/bin/../../lib/gcc/pic32mx/4.5.2/../../../../pic32mx/lib/libpic32.a(strlen.o)
                              build/default/production/main.o (strlen)
/opt/microchip/xc32/v1.33/bin/bin/../../lib/gcc/pic32mx/4.5.2/../../../../pic32mx/lib/libpic32.a(default-bootstrap-exception-handler.o)
                              /opt/microchip/xc32/v1.33/bin/bin/../../lib/gcc/pic32mx/4.5.2/../../../../pic32mx/lib/./proc/32MX695F512H/crt0_mips32r2.o (_bootstrap_exception_handler)
/opt/microchip/xc32/v1.33/bin/bin/../../lib/gcc/pic32mx/4.5.2/../../../../pic32mx/lib/libpic32.a(default-on-reset.o)
                              /opt/microchip/xc32/v1.33/bin/bin/../../lib/gcc/pic32mx/4.5.2/../../../../pic32mx/lib/./proc/32MX695F512H/crt0_mips32r2.o (_on_reset)
/opt/microchip/xc32/v1.33/bin/bin/../../lib/gcc/pic32mx/4.5.2/../../../../pic32mx/lib/libpic32.a(default-on-bootstrap.o)
                              /opt/microchip/xc32/v1.33/bin/bin/../../lib/gcc/pic32mx/4.5.2/../../../../pic32mx/lib/./proc/32MX695F512H/crt0_mips32r2.o (_on_bootstrap)
/opt/microchip/xc32/v1.33/bin/bin/../../lib/gcc/pic32mx/4.5.2/../../../../pic32mx/lib/libpic32.a(default-nmi-handler.o)
                              /opt/microchip/xc32/v1.33/bin/bin/../../lib/gcc/pic32mx/4.5.2/../../../../pic32mx/lib/./proc/32MX695F512H/crt0_mips32r2.o (_nmi_handler)
/opt/microchip/xc32/v1.33/bin/bin/../../lib/gcc/pic32mx/4.5.2/../../../../pic32mx/lib/libpic32.a(general-exception.o)
                              /opt/microchip/xc32/v1.33/bin/bin/../../lib/gcc/pic32mx/4.5.2/../../../../pic32mx/lib/./proc/32MX695F512H/crt0_mips32r2.o (_general_exception_context)
/opt/microchip/xc32/v1.33/bin/bin/../../lib/gcc/pic32mx/4.5.2/../../../../pic32mx/lib/libpic32.a(vector0.o)
                              /opt/microchip/xc32/v1.33/bin/bin/../../lib/gcc/pic32mx/4.5.2/../../../../pic32mx/lib/./proc/32MX695F512H/default_isr_vectors.o (__vector_dispatch_0)
/opt/microchip/xc32/v1.33/bin/bin/../../lib/gcc/pic32mx/4.5.2/../../../../pic32mx/lib/libpic32.a(vector1.o)
                              /opt/microchip/xc32/v1.33/bin/bin/../../lib/gcc/pic32mx/4.5.2/../../../../pic32mx/lib/./proc/32MX695F512H/default_isr_vectors.o (__vector_dispatch_1)
/opt/microchip/xc32/v1.33/bin/bin/../../lib/gcc/pic32mx/4.5.2/../../../../pic32mx/lib/libpic32.a(vector2.o)
                              /opt/microchip/xc32/v1.33/bin/bin/../../lib/gcc/pic32mx/4.5.2/../../../../pic32mx/lib/./proc/32MX695F512H/default_isr_vectors.o (__vector_dispatch_2)
[...]
Memory Configuration

Name             Origin             Length             Attributes
startup_without_bootloader 0xbfc00000         0x00000008
kseg0_program_mem 0x9d004a00         0x0007b600         xr
kseg0_boot_mem   0x9d004490         0x00000970
exception_mem    0x9d003000         0x00001000
kseg1_boot_mem   0x9d004000         0x00000490
debug_exec_mem   0xbfc02000         0x00000ff0
config3          0xbfc02ff0         0x00000004
config2          0xbfc02ff4         0x00000004
config1          0xbfc02ff8         0x00000004
config0          0xbfc02ffc         0x00000004
kseg1_data_mem   0xa0000000         0x00020000         w !x
sfrs             0xbf800000         0x00100000
configsfrs       0xbfc02ff0         0x00000010
*default*        0x00000000         0xffffffff

Linker script and memory map

LOAD /opt/microchip/xc32/v1.33/bin/bin/../../lib/gcc/pic32mx/4.5.2/../../../../pic32mx/lib/./proc/32MX695F512H/crt0_mips32r2.o
LOAD /opt/microchip/xc32/v1.33/bin/bin/../../lib/gcc/pic32mx/4.5.2/../../../../pic32mx/lib/debug-exception-return.o
LOAD build/default/production/main.o
                0x00000001                __MPLAB_BUILD = 0x1
                0x00001800                PROVIDE (_min_stack_size, 0x1800)
                0x00000000                PROVIDE (_min_heap_size, 0x0)
LOAD /opt/microchip/xc32/v1.33/bin/bin/../../lib/gcc/pic32mx/4.5.2/../../../../pic32mx/lib/./proc/32MX695F512H/processor.o
                0x00000001                PROVIDE (_vector_spacing, 0x1)
                0x9d003000                _ebase_address = 0x9d003000
                0xbfc00000                _ORIGINAL_RESET_ADDR = 0xbfc00000
                0x9d004000                _RESET_ADDR = 0x9d004000
                0x9d004380                _BEV_EXCPT_ADDR = 0x9d004380
                0x9d004480                _DBG_EXCPT_ADDR = 0x9d004480
                0xbfc02000                _DBG_CODE_ADDR = 0xbfc02000
                0x9d003180                _GEN_EXCPT_ADDR = (_ebase_address + 0x180)

.config_BFC02FF0
 *(.config_BFC02FF0)

.config_BFC02FF4
 *(.config_BFC02FF4)

.config_BFC02FF8
 *(.config_BFC02FF8)

.config_BFC02FFC
 *(.config_BFC02FFC)

.startup_without_bootloader
                0xbfc00000        0x8
                0xbfc00000        0x4 LONG 0xb401000 (((_reset >> 0x2) & 0x3ffffff) | 0x8000000)
                0xbfc00004        0x4 LONG 0x0

.reset          0x9d004000        0x8
 *(.reset)
 .reset         0x9d004000        0x8 /opt/microchip/xc32/v1.33/bin/bin/../../lib/gcc/pic32mx/4.5.2/../../../../pic32mx/lib/./proc/32MX695F512H/crt0_mips32r2.o
                0x9d004000                _reset

.bev_excpt      0x9d004380       0x10
 *(.bev_handler)
 .bev_handler   0x9d004380       0x10 /opt/microchip/xc32/v1.33/bin/bin/../../lib/gcc/pic32mx/4.5.2/../../../../pic32mx/lib/./proc/32MX695F512H/crt0_mips32r2.o

.dbg_excpt      0x9d004480        0x0
                0x9d004480                . = (. + DEFINED (_DEBUGGER)?0x8:0x0)

.dbg_code       0xbfc02000        0x0
                0xbfc02000                . = (. + DEFINED (_DEBUGGER)?0xff0:0x0)

.app_excpt      0x9d003180       0x10
 *(.gen_handler)
 .gen_handler   0x9d003180       0x10 /opt/microchip/xc32/v1.33/bin/bin/../../lib/gcc/pic32mx/4.5.2/../../../../pic32mx/lib/./proc/32MX695F512H/crt0_mips32r2.o

.vector_0       0x9d003200        0x8
 *(.vector_0)
 .vector_0      0x9d003200        0x8 /opt/microchip/xc32/v1.33/bin/bin/../../lib/gcc/pic32mx/4.5.2/../../../../pic32mx/lib/libpic32.a(vector0.o)
                0x9d003200                __vector_dispatch_0
                0x00000001                ASSERT (((_vector_spacing == 0x0) || (SIZEOF (.vector_0) <= (_vector_spacing << 0x5))), function at exception vector 0 too large)

.vector_1       0x9d003220        0x8
 *(.vector_1)
 .vector_1      0x9d003220        0x8 /opt/microchip/xc32/v1.33/bin/bin/../../lib/gcc/pic32mx/4.5.2/../../../../pic32mx/lib/libpic32.a(vector1.o)
                0x9d003220                __vector_dispatch_1
                0x00000001                ASSERT (((_vector_spacing == 0x0) || (SIZEOF (.vector_1) <= (_vector_spacing << 0x5))), function at exception vector 1 too large)

.vector_2       0x9d003240        0x8
 *(.vector_2)
 .vector_2      0x9d003240        0x8 /opt/microchip/xc32/v1.33/bin/bin/../../lib/gcc/pic32mx/4.5.2/../../../../pic32mx/lib/libpic32.a(vector2.o)
                0x9d003240                __vector_dispatch_2
                0x00000001                ASSERT (((_vector_spacing == 0x0) || (SIZEOF (.vector_2) <= (_vector_spacing << 0x5))), function at exception vector 2 too large)

.vector_3       0x9d003260        0x8
 *(.vector_3)
 .vector_3      0x9d003260        0x8 /opt/microchip/xc32/v1.33/bin/bin/../../lib/gcc/pic32mx/4.5.2/../../../../pic32mx/lib/libpic32.a(vector3.o)
                0x9d003260                __vector_dispatch_3
                0x00000001                ASSERT (((_vector_spacing == 0x0) || (SIZEOF (.vector_3) <= (_vector_spacing << 0x5))), function at exception vector 3 too large)

.vector_4       0x9d003280        0x8
 *(.vector_4)
 .vector_4      0x9d003280        0x8 /opt/microchip/xc32/v1.33/bin/bin/../../lib/gcc/pic32mx/4.5.2/../../../../pic32mx/lib/libpic32.a(vector4.o)
                0x9d003280                __vector_dispatch_4
                0x00000001                ASSERT (((_vector_spacing == 0x0) || (SIZEOF (.vector_4) <= (_vector_spacing << 0x5))), function at exception vector 4 too large)

.vector_5       0x9d0032a0        0x8
 *(.vector_5)
 .vector_5      0x9d0032a0        0x8 /opt/microchip/xc32/v1.33/bin/bin/../../lib/gcc/pic32mx/4.5.2/../../../../pic32mx/lib/libpic32.a(vector5.o)
                0x9d0032a0                __vector_dispatch_5
                0x00000001                ASSERT (((_vector_spacing == 0x0) || (SIZEOF (.vector_5) <= (_vector_spacing << 0x5))), function at exception vector 5 too large)

.vector_6       0x9d0032c0        0x8
 *(.vector_6)
 .vector_6      0x9d0032c0        0x8 /opt/microchip/xc32/v1.33/bin/bin/../../lib/gcc/pic32mx/4.5.2/../../../../pic32mx/lib/libpic32.a(vector6.o)
                0x9d0032c0                __vector_dispatch_6
                0x00000001                ASSERT (((_vector_spacing == 0x0) || (SIZEOF (.vector_6) <= (_vector_spacing << 0x5))), function at exception vector 6 too large)

.vector_7       0x9d0032e0        0x8
 *(.vector_7)
 .vector_7      0x9d0032e0        0x8 /opt/microchip/xc32/v1.33/bin/bin/../../lib/gcc/pic32mx/4.5.2/../../../../pic32mx/lib/libpic32.a(vector7.o)
                0x9d0032e0                __vector_dispatch_7
                0x00000001                ASSERT (((_vector_spacing == 0x0) || (SIZEOF (.vector_7) <= (_vector_spacing << 0x5))), function at exception vector 7 too large)

.vector_8       0x9d003300        0x8
 *(.vector_8)
 .vector_8      0x9d003300        0x8 build/default/production/main.o
                0x9d003300                __vector_dispatch_8
                0x00000001                ASSERT (((_vector_spacing == 0x0) || (SIZEOF (.vector_8) <= (_vector_spacing << 0x5))), function at exception vector 8 too large)

.vector_9       0x9d003320        0x8
 *(.vector_9)
 .vector_9      0x9d003320        0x8 /opt/microchip/xc32/v1.33/bin/bin/../../lib/gcc/pic32mx/4.5.2/../../../../pic32mx/lib/libpic32.a(vector9.o)
                0x9d003320                __vector_dispatch_9
                0x00000001                ASSERT (((_vector_spacing == 0x0) || (SIZEOF (.vector_9) <= (_vector_spacing << 0x5))), function at exception vector 9 too large)

.vector_10      0x9d003340        0x8
 *(.vector_10)
 .vector_10     0x9d003340        0x8 /opt/microchip/xc32/v1.33/bin/bin/../../lib/gcc/pic32mx/4.5.2/../../../../pic32mx/lib/libpic32.a(vector10.o)
                0x9d003340                __vector_dispatch_10
                0x00000001                ASSERT (((_vector_spacing == 0x0) || (SIZEOF (.vector_10) <= (_vector_spacing << 0x5))), function at exception vector 10 too large)

.vector_11      0x9d003360        0x8
 *(.vector_11)
 .vector_11     0x9d003360        0x8 /opt/microchip/xc32/v1.33/bin/bin/../../lib/gcc/pic32mx/4.5.2/../../../../pic32mx/lib/libpic32.a(vector11.o)
                0x9d003360                __vector_dispatch_11
                0x00000001                ASSERT (((_vector_spacing == 0x0) || (SIZEOF (.vector_11) <= (_vector_spacing << 0x5))), function at exception vector 11 too large)

.vector_12      0x9d003380        0x8
 *(.vector_12)
 .vector_12     0x9d003380        0x8 /opt/microchip/xc32/v1.33/bin/bin/../../lib/gcc/pic32mx/4.5.2/../../../../pic32mx/lib/libpic32.a(vector12.o)
                0x9d003380                __vector_dispatch_12
                0x00000001                ASSERT (((_vector_spacing == 0x0) || (SIZEOF (.vector_12) <= (_vector_spacing << 0x5))), function at exception vector 12 too large)

.vector_13      0x9d0033a0        0x8
 *(.vector_13)
 .vector_13     0x9d0033a0        0x8 /opt/microchip/xc32/v1.33/bin/bin/../../lib/gcc/pic32mx/4.5.2/../../../../pic32mx/lib/libpic32.a(vector13.o)
                0x9d0033a0                __vector_dispatch_13
                0x00000001                ASSERT (((_vector_spacing == 0x0) || (SIZEOF (.vector_13) <= (_vector_spacing << 0x5))), function at exception vector 13 too large)

.vector_14      0x9d0033c0        0x8
 *(.vector_14)
 .vector_14     0x9d0033c0        0x8 /opt/microchip/xc32/v1.33/bin/bin/../../lib/gcc/pic32mx/4.5.2/../../../../pic32mx/lib/libpic32.a(vector14.o)
                0x9d0033c0                __vector_dispatch_14
                0x00000001                ASSERT (((_vector_spacing == 0x0) || (SIZEOF (.vector_14) <= (_vector_spacing << 0x5))), function at exception vector 14 too large)

.vector_15      0x9d0033e0        0x8
 *(.vector_15)
 .vector_15     0x9d0033e0        0x8 /opt/microchip/xc32/v1.33/bin/bin/../../lib/gcc/pic32mx/4.5.2/../../../../pic32mx/lib/libpic32.a(vector15.o)
                0x9d0033e0                __vector_dispatch_15
                0x00000001                ASSERT (((_vector_spacing == 0x0) || (SIZEOF (.vector_15) <= (_vector_spacing << 0x5))), function at exception vector 15 too large)

.vector_16      0x9d003400        0x8
 *(.vector_16)
 .vector_16     0x9d003400        0x8 /opt/microchip/xc32/v1.33/bin/bin/../../lib/gcc/pic32mx/4.5.2/../../../../pic32mx/lib/libpic32.a(vector16.o)
                0x9d003400                __vector_dispatch_16
                0x00000001                ASSERT (((_vector_spacing == 0x0) || (SIZEOF (.vector_16) <= (_vector_spacing << 0x5))), function at exception vector 16 too large)

.vector_17      0x9d003420        0x8
 *(.vector_17)
 .vector_17     0x9d003420        0x8 /opt/microchip/xc32/v1.33/bin/bin/../../lib/gcc/pic32mx/4.5.2/../../../../pic32mx/lib/libpic32.a(vector17.o)
                0x9d003420                __vector_dispatch_17
                0x00000001                ASSERT (((_vector_spacing == 0x0) || (SIZEOF (.vector_17) <= (_vector_spacing << 0x5))), function at exception vector 17 too large)

.vector_18      0x9d003440        0x8
 *(.vector_18)
 .vector_18     0x9d003440        0x8 /opt/microchip/xc32/v1.33/bin/bin/../../lib/gcc/pic32mx/4.5.2/../../../../pic32mx/lib/libpic32.a(vector18.o)
                0x9d003440                __vector_dispatch_18
                0x00000001                ASSERT (((_vector_spacing == 0x0) || (SIZEOF (.vector_18) <= (_vector_spacing << 0x5))), function at exception vector 18 too large)

.vector_19      0x9d003460        0x8
 *(.vector_19)
 .vector_19     0x9d003460        0x8 /opt/microchip/xc32/v1.33/bin/bin/../../lib/gcc/pic32mx/4.5.2/../../../../pic32mx/lib/libpic32.a(vector19.o)
                0x9d003460                __vector_dispatch_19
                0x00000001                ASSERT (((_vector_spacing == 0x0) || (SIZEOF (.vector_19) <= (_vector_spacing << 0x5))), function at exception vector 19 too large)

.vector_20      0x9d003480        0x8
 *(.vector_20)
 .vector_20     0x9d003480        0x8 /opt/microchip/xc32/v1.33/bin/bin/../../lib/gcc/pic32mx/4.5.2/../../../../pic32mx/lib/libpic32.a(vector20.o)
                0x9d003480                __vector_dispatch_20
                0x00000001                ASSERT (((_vector_spacing == 0x0) || (SIZEOF (.vector_20) <= (_vector_spacing << 0x5))), function at exception vector 20 too large)

.vector_21      0x9d0034a0        0x8
 *(.vector_21)
 .vector_21     0x9d0034a0        0x8 /opt/microchip/xc32/v1.33/bin/bin/../../lib/gcc/pic32mx/4.5.2/../../../../pic32mx/lib/libpic32.a(vector21.o)
                0x9d0034a0                __vector_dispatch_21
                0x00000001                ASSERT (((_vector_spacing == 0x0) || (SIZEOF (.vector_21) <= (_vector_spacing << 0x5))), function at exception vector 21 too large)

.vector_22      0x9d0034c0        0x8
 *(.vector_22)
 .vector_22     0x9d0034c0        0x8 /opt/microchip/xc32/v1.33/bin/bin/../../lib/gcc/pic32mx/4.5.2/../../../../pic32mx/lib/libpic32.a(vector22.o)
                0x9d0034c0                __vector_dispatch_22
                0x00000001                ASSERT (((_vector_spacing == 0x0) || (SIZEOF (.vector_22) <= (_vector_spacing << 0x5))), function at exception vector 22 too large)

.vector_23      0x9d0034e0        0x8
 *(.vector_23)
 .vector_23     0x9d0034e0        0x8 /opt/microchip/xc32/v1.33/bin/bin/../../lib/gcc/pic32mx/4.5.2/../../../../pic32mx/lib/libpic32.a(vector23.o)
                0x9d0034e0                __vector_dispatch_23
                0x00000001                ASSERT (((_vector_spacing == 0x0) || (SIZEOF (.vector_23) <= (_vector_spacing << 0x5))), function at exception vector 23 too large)

.vector_24      0x9d003500        0x8
 *(.vector_24)
 .vector_24     0x9d003500        0x8 build/default/production/main.o
                0x9d003500                __vector_dispatch_24
                0x00000001                ASSERT (((_vector_spacing == 0x0) || (SIZEOF (.vector_24) <= (_vector_spacing << 0x5))), function at exception vector 24 too large)

.vector_25      0x9d003520        0x8
 *(.vector_25)
 .vector_25     0x9d003520        0x8 /opt/microchip/xc32/v1.33/bin/bin/../../lib/gcc/pic32mx/4.5.2/../../../../pic32mx/lib/libpic32.a(vector25.o)
                0x9d003520                __vector_dispatch_25
                0x00000001                ASSERT (((_vector_spacing == 0x0) || (SIZEOF (.vector_25) <= (_vector_spacing << 0x5))), function at exception vector 25 too large)

.vector_26      0x9d003540        0x8
 *(.vector_26)
 .vector_26     0x9d003540        0x8 build/default/production/main.o
                0x9d003540                __vector_dispatch_26
                0x00000001                ASSERT (((_vector_spacing == 0x0) || (SIZEOF (.vector_26) <= (_vector_spacing << 0x5))), function at exception vector 26 too large)

.vector_27      0x9d003560        0x8
 *(.vector_27)
 .vector_27     0x9d003560        0x8 /opt/microchip/xc32/v1.33/bin/bin/../../lib/gcc/pic32mx/4.5.2/../../../../pic32mx/lib/libpic32.a(vector27.o)
                0x9d003560                __vector_dispatch_27
                0x00000001                ASSERT (((_vector_spacing == 0x0) || (SIZEOF (.vector_27) <= (_vector_spacing << 0x5))), function at exception vector 27 too large)

.vector_28      0x9d003580        0x8
 *(.vector_28)
 .vector_28     0x9d003580        0x8 /opt/microchip/xc32/v1.33/bin/bin/../../lib/gcc/pic32mx/4.5.2/../../../../pic32mx/lib/libpic32.a(vector28.o)
                0x9d003580                __vector_dispatch_28
                0x00000001                ASSERT (((_vector_spacing == 0x0) || (SIZEOF (.vector_28) <= (_vector_spacing << 0x5))), function at exception vector 28 too large)

.vector_29      0x9d0035a0        0x8
 *(.vector_29)
 .vector_29     0x9d0035a0        0x8 /opt/microchip/xc32/v1.33/bin/bin/../../lib/gcc/pic32mx/4.5.2/../../../../pic32mx/lib/libpic32.a(vector29.o)
                0x9d0035a0                __vector_dispatch_29
                0x00000001                ASSERT (((_vector_spacing == 0x0) || (SIZEOF (.vector_29) <= (_vector_spacing << 0x5))), function at exception vector 29 too large)

.vector_30      0x9d0035c0        0x8
 *(.vector_30)
 .vector_30     0x9d0035c0        0x8 /opt/microchip/xc32/v1.33/bin/bin/../../lib/gcc/pic32mx/4.5.2/../../../../pic32mx/lib/libpic32.a(vector30.o)
                0x9d0035c0                __vector_dispatch_30
                0x00000001                ASSERT (((_vector_spacing == 0x0) || (SIZEOF (.vector_30) <= (_vector_spacing << 0x5))), function at exception vector 30 too large)

.vector_31      0x9d0035e0        0x8
 *(.vector_31)
 .vector_31     0x9d0035e0        0x8 /opt/microchip/xc32/v1.33/bin/bin/../../lib/gcc/pic32mx/4.5.2/../../../../pic32mx/lib/libpic32.a(vector31.o)
                0x9d0035e0                __vector_dispatch_31
                0x00000001                ASSERT (((_vector_spacing == 0x0) || (SIZEOF (.vector_31) <= (_vector_spacing << 0x5))), function at exception vector 31 too large)

.vector_32      0x9d003600        0x8
 *(.vector_32)
 .vector_32     0x9d003600        0x8 build/default/production/main.o
                0x9d003600                __vector_dispatch_32
                0x00000001                ASSERT (((_vector_spacing == 0x0) || (SIZEOF (.vector_32) <= (_vector_spacing << 0x5))), function at exception vector 32 too large)

.vector_33      0x9d003620        0x8
 *(.vector_33)
 .vector_33     0x9d003620        0x8 /opt/microchip/xc32/v1.33/bin/bin/../../lib/gcc/pic32mx/4.5.2/../../../../pic32mx/lib/libpic32.a(vector33.o)
                0x9d003620                __vector_dispatch_33
                0x00000001                ASSERT (((_vector_spacing == 0x0) || (SIZEOF (.vector_33) <= (_vector_spacing << 0x5))), function at exception vector 33 too large)

.vector_34      0x9d003640        0x8
 *(.vector_34)
 .vector_34     0x9d003640        0x8 /opt/microchip/xc32/v1.33/bin/bin/../../lib/gcc/pic32mx/4.5.2/../../../../pic32mx/lib/libpic32.a(vector34.o)
                0x9d003640                __vector_dispatch_34
                0x00000001                ASSERT (((_vector_spacing == 0x0) || (SIZEOF (.vector_34) <= (_vector_spacing << 0x5))), function at exception vector 34 too large)

.vector_35      0x9d003660        0x8
 *(.vector_35)
 .vector_35     0x9d003660        0x8 /opt/microchip/xc32/v1.33/bin/bin/../../lib/gcc/pic32mx/4.5.2/../../../../pic32mx/lib/libpic32.a(vector35.o)
                0x9d003660                __vector_dispatch_35
                0x00000001                ASSERT (((_vector_spacing == 0x0) || (SIZEOF (.vector_35) <= (_vector_spacing << 0x5))), function at exception vector 35 too large)

.vector_36      0x9d003680        0x8
 *(.vector_36)
 .vector_36     0x9d003680        0x8 /opt/microchip/xc32/v1.33/bin/bin/../../lib/gcc/pic32mx/4.5.2/../../../../pic32mx/lib/libpic32.a(vector36.o)
                0x9d003680                __vector_dispatch_36
                0x00000001                ASSERT (((_vector_spacing == 0x0) || (SIZEOF (.vector_36) <= (_vector_spacing << 0x5))), function at exception vector 36 too large)

.vector_37      0x9d0036a0        0x8
 *(.vector_37)
 .vector_37     0x9d0036a0        0x8 /opt/microchip/xc32/v1.33/bin/bin/../../lib/gcc/pic32mx/4.5.2/../../../../pic32mx/lib/libpic32.a(vector37.o)
                0x9d0036a0                __vector_dispatch_37
                0x00000001                ASSERT (((_vector_spacing == 0x0) || (SIZEOF (.vector_37) <= (_vector_spacing << 0x5))), function at exception vector 37 too large)

.vector_38      0x9d0036c0        0x8
 *(.vector_38)
 .vector_38     0x9d0036c0        0x8 /opt/microchip/xc32/v1.33/bin/bin/../../lib/gcc/pic32mx/4.5.2/../../../../pic32mx/lib/libpic32.a(vector38.o)
                0x9d0036c0                __vector_dispatch_38
                0x00000001                ASSERT (((_vector_spacing == 0x0) || (SIZEOF (.vector_38) <= (_vector_spacing << 0x5))), function at exception vector 38 too large)

.vector_39      0x9d0036e0        0x8
 *(.vector_39)
 .vector_39     0x9d0036e0        0x8 /opt/microchip/xc32/v1.33/bin/bin/../../lib/gcc/pic32mx/4.5.2/../../../../pic32mx/lib/libpic32.a(vector39.o)
                0x9d0036e0                __vector_dispatch_39
                0x00000001                ASSERT (((_vector_spacing == 0x0) || (SIZEOF (.vector_39) <= (_vector_spacing << 0x5))), function at exception vector 39 too large)

.vector_40      0x9d003700        0x8
 *(.vector_40)
 .vector_40     0x9d003700        0x8 /opt/microchip/xc32/v1.33/bin/bin/../../lib/gcc/pic32mx/4.5.2/../../../../pic32mx/lib/libpic32.a(vector40.o)
                0x9d003700                __vector_dispatch_40
                0x00000001                ASSERT (((_vector_spacing == 0x0) || (SIZEOF (.vector_40) <= (_vector_spacing << 0x5))), function at exception vector 40 too large)

.vector_41      0x9d003720        0x8
 *(.vector_41)
 .vector_41     0x9d003720        0x8 /opt/microchip/xc32/v1.33/bin/bin/../../lib/gcc/pic32mx/4.5.2/../../../../pic32mx/lib/libpic32.a(vector41.o)
                0x9d003720                __vector_dispatch_41
                0x00000001                ASSERT (((_vector_spacing == 0x0) || (SIZEOF (.vector_41) <= (_vector_spacing << 0x5))), function at exception vector 41 too large)

.vector_42      0x9d003740        0x8
 *(.vector_42)
 .vector_42     0x9d003740        0x8 /opt/microchip/xc32/v1.33/bin/bin/../../lib/gcc/pic32mx/4.5.2/../../../../pic32mx/lib/libpic32.a(vector42.o)
                0x9d003740                __vector_dispatch_42
                0x00000001                ASSERT (((_vector_spacing == 0x0) || (SIZEOF (.vector_42) <= (_vector_spacing << 0x5))), function at exception vector 42 too large)

.vector_43      0x9d003760        0x8
 *(.vector_43)
 .vector_43     0x9d003760        0x8 /opt/microchip/xc32/v1.33/bin/bin/../../lib/gcc/pic32mx/4.5.2/../../../../pic32mx/lib/libpic32.a(vector43.o)
                0x9d003760                __vector_dispatch_43
                0x00000001                ASSERT (((_vector_spacing == 0x0) || (SIZEOF (.vector_43) <= (_vector_spacing << 0x5))), function at exception vector 43 too large)

.vector_44      0x9d003780        0x8
 *(.vector_44)
 .vector_44     0x9d003780        0x8 /opt/microchip/xc32/v1.33/bin/bin/../../lib/gcc/pic32mx/4.5.2/../../../../pic32mx/lib/libpic32.a(vector44.o)
                0x9d003780                __vector_dispatch_44
                0x00000001                ASSERT (((_vector_spacing == 0x0) || (SIZEOF (.vector_44) <= (_vector_spacing << 0x5))), function at exception vector 44 too large)

.vector_45      0x9d0037a0        0x8
 *(.vector_45)
 .vector_45     0x9d0037a0        0x8 /opt/microchip/xc32/v1.33/bin/bin/../../lib/gcc/pic32mx/4.5.2/../../../../pic32mx/lib/libpic32.a(vector45.o)
                0x9d0037a0                __vector_dispatch_45
                0x00000001                ASSERT (((_vector_spacing == 0x0) || (SIZEOF (.vector_45) <= (_vector_spacing << 0x5))), function at exception vector 45 too large)

.vector_46      0x9d0037c0        0x8
 *(.vector_46)
 .vector_46     0x9d0037c0        0x8 /opt/microchip/xc32/v1.33/bin/bin/../../lib/gcc/pic32mx/4.5.2/../../../../pic32mx/lib/libpic32.a(vector46.o)
                0x9d0037c0                __vector_dispatch_46
                0x00000001                ASSERT (((_vector_spacing == 0x0) || (SIZEOF (.vector_46) <= (_vector_spacing << 0x5))), function at exception vector 46 too large)

.vector_47      0x9d0037e0        0x8
 *(.vector_47)
 .vector_47     0x9d0037e0        0x8 /opt/microchip/xc32/v1.33/bin/bin/../../lib/gcc/pic32mx/4.5.2/../../../../pic32mx/lib/libpic32.a(vector47.o)
                0x9d0037e0                __vector_dispatch_47
                0x00000001                ASSERT (((_vector_spacing == 0x0) || (SIZEOF (.vector_47) <= (_vector_spacing << 0x5))), function at exception vector 47 too large)

.vector_48      0x9d003800        0x8
 *(.vector_48)
 .vector_48     0x9d003800        0x8 /opt/microchip/xc32/v1.33/bin/bin/../../lib/gcc/pic32mx/4.5.2/../../../../pic32mx/lib/libpic32.a(vector48.o)
                0x9d003800                __vector_dispatch_48
                0x00000001                ASSERT (((_vector_spacing == 0x0) || (SIZEOF (.vector_48) <= (_vector_spacing << 0x5))), function at exception vector 48 too large)

.vector_49      0x9d003820        0x8
 *(.vector_49)
 .vector_49     0x9d003820        0x8 /opt/microchip/xc32/v1.33/bin/bin/../../lib/gcc/pic32mx/4.5.2/../../../../pic32mx/lib/libpic32.a(vector49.o)
                0x9d003820                __vector_dispatch_49
                0x00000001                ASSERT (((_vector_spacing == 0x0) || (SIZEOF (.vector_49) <= (_vector_spacing << 0x5))), function at exception vector 49 too large)

.vector_50      0x9d003840        0x8
 *(.vector_50)
 .vector_50     0x9d003840        0x8 /opt/microchip/xc32/v1.33/bin/bin/../../lib/gcc/pic32mx/4.5.2/../../../../pic32mx/lib/libpic32.a(vector50.o)
                0x9d003840                __vector_dispatch_50
                0x00000001                ASSERT (((_vector_spacing == 0x0) || (SIZEOF (.vector_50) <= (_vector_spacing << 0x5))), function at exception vector 50 too large)

.vector_51      0x9d003860        0x8
 *(.vector_51)
 .vector_51     0x9d003860        0x8 /opt/microchip/xc32/v1.33/bin/bin/../../lib/gcc/pic32mx/4.5.2/../../../../pic32mx/lib/libpic32.a(vector51.o)
                0x9d003860                __vector_dispatch_51
                0x00000001                ASSERT (((_vector_spacing == 0x0) || (SIZEOF (.vector_51) <= (_vector_spacing << 0x5))), function at exception vector 51 too large)

.vector_52      0x9d003880        0x8
 *(.vector_52)
 .vector_52     0x9d003880        0x8 /opt/microchip/xc32/v1.33/bin/bin/../../lib/gcc/pic32mx/4.5.2/../../../../pic32mx/lib/libpic32.a(vector52.o)
                0x9d003880                __vector_dispatch_52
                0x00000001                ASSERT (((_vector_spacing == 0x0) || (SIZEOF (.vector_52) <= (_vector_spacing << 0x5))), function at exception vector 52 too large)

.vector_53      0x9d0038a0        0x8
 *(.vector_53)
 .vector_53     0x9d0038a0        0x8 /opt/microchip/xc32/v1.33/bin/bin/../../lib/gcc/pic32mx/4.5.2/../../../../pic32mx/lib/libpic32.a(vector53.o)
                0x9d0038a0                __vector_dispatch_53
                0x00000001                ASSERT (((_vector_spacing == 0x0) || (SIZEOF (.vector_53) <= (_vector_spacing << 0x5))), function at exception vector 53 too large)

.vector_54      0x9d0038c0        0x8
 *(.vector_54)
 .vector_54     0x9d0038c0        0x8 /opt/microchip/xc32/v1.33/bin/bin/../../lib/gcc/pic32mx/4.5.2/../../../../pic32mx/lib/libpic32.a(vector54.o)
                0x9d0038c0                __vector_dispatch_54
                0x00000001                ASSERT (((_vector_spacing == 0x0) || (SIZEOF (.vector_54) <= (_vector_spacing << 0x5))), function at exception vector 54 too large)

.vector_55      0x9d0038e0        0x8
 *(.vector_55)
 .vector_55     0x9d0038e0        0x8 /opt/microchip/xc32/v1.33/bin/bin/../../lib/gcc/pic32mx/4.5.2/../../../../pic32mx/lib/libpic32.a(vector55.o)
                0x9d0038e0                __vector_dispatch_55
                0x00000001                ASSERT (((_vector_spacing == 0x0) || (SIZEOF (.vector_55) <= (_vector_spacing << 0x5))), function at exception vector 55 too large)

.vector_56      0x9d003900        0x8
 *(.vector_56)
 .vector_56     0x9d003900        0x8 /opt/microchip/xc32/v1.33/bin/bin/../../lib/gcc/pic32mx/4.5.2/../../../../pic32mx/lib/libpic32.a(vector56.o)
                0x9d003900                __vector_dispatch_56
                0x00000001                ASSERT (((_vector_spacing == 0x0) || (SIZEOF (.vector_56) <= (_vector_spacing << 0x5))), function at exception vector 56 too large)

.vector_57      0x9d003920        0x8
 *(.vector_57)
 .vector_57     0x9d003920        0x8 /opt/microchip/xc32/v1.33/bin/bin/../../lib/gcc/pic32mx/4.5.2/../../../../pic32mx/lib/libpic32.a(vector57.o)
                0x9d003920                __vector_dispatch_57
                0x00000001                ASSERT (((_vector_spacing == 0x0) || (SIZEOF (.vector_57) <= (_vector_spacing << 0x5))), function at exception vector 57 too large)

.vector_58      0x9d003940        0x8
 *(.vector_58)
 .vector_58     0x9d003940        0x8 /opt/microchip/xc32/v1.33/bin/bin/../../lib/gcc/pic32mx/4.5.2/../../../../pic32mx/lib/libpic32.a(vector58.o)
                0x9d003940                __vector_dispatch_58
                0x00000001                ASSERT (((_vector_spacing == 0x0) || (SIZEOF (.vector_58) <= (_vector_spacing << 0x5))), function at exception vector 58 too large)

.vector_59      0x9d003960        0x8
 *(.vector_59)
 .vector_59     0x9d003960        0x8 /opt/microchip/xc32/v1.33/bin/bin/../../lib/gcc/pic32mx/4.5.2/../../../../pic32mx/lib/libpic32.a(vector59.o)
                0x9d003960                __vector_dispatch_59
                0x00000001                ASSERT (((_vector_spacing == 0x0) || (SIZEOF (.vector_59) <= (_vector_spacing << 0x5))), function at exception vector 59 too large)

.vector_60      0x9d003980        0x8
 *(.vector_60)
 .vector_60     0x9d003980        0x8 /opt/microchip/xc32/v1.33/bin/bin/../../lib/gcc/pic32mx/4.5.2/../../../../pic32mx/lib/libpic32.a(vector60.o)
                0x9d003980                __vector_dispatch_60
                0x00000001                ASSERT (((_vector_spacing == 0x0) || (SIZEOF (.vector_60) <= (_vector_spacing << 0x5))), function at exception vector 60 too large)

.vector_61      0x9d0039a0        0x8
 *(.vector_61)
 .vector_61     0x9d0039a0        0x8 /opt/microchip/xc32/v1.33/bin/bin/../../lib/gcc/pic32mx/4.5.2/../../../../pic32mx/lib/libpic32.a(vector61.o)
                0x9d0039a0                __vector_dispatch_61
                0x00000001                ASSERT (((_vector_spacing == 0x0) || (SIZEOF (.vector_61) <= (_vector_spacing << 0x5))), function at exception vector 61 too large)

.vector_62      0x9d0039c0        0x8
 *(.vector_62)
 .vector_62     0x9d0039c0        0x8 /opt/microchip/xc32/v1.33/bin/bin/../../lib/gcc/pic32mx/4.5.2/../../../../pic32mx/lib/libpic32.a(vector62.o)
                0x9d0039c0                __vector_dispatch_62
                0x00000001                ASSERT (((_vector_spacing == 0x0) || (SIZEOF (.vector_62) <= (_vector_spacing << 0x5))), function at exception vector 62 too large)

.vector_63      0x9d0039e0        0x8
 *(.vector_63)
 .vector_63     0x9d0039e0        0x8 /opt/microchip/xc32/v1.33/bin/bin/../../lib/gcc/pic32mx/4.5.2/../../../../pic32mx/lib/libpic32.a(vector63.o)
                0x9d0039e0                __vector_dispatch_63
                0x00000001                ASSERT (((_vector_spacing == 0x0) || (SIZEOF (.vector_63) <= (_vector_spacing << 0x5))), function at exception vector 63 too large)

.startup
 *(.startup)

.text           0x9d004a00     0xcc38
                0x9d004a00                _text_begin = .
 *(.text .stub .text.* .gnu.linkonce.t.*)
 .text          0x9d004a00        0x0 /opt/microchip/xc32/v1.33/bin/bin/../../lib/gcc/pic32mx/4.5.2/../../../../pic32mx/lib/./proc/32MX695F512H/crt0_mips32r2.o
 .text.main_entry
                0x9d004a00       0x4c /opt/microchip/xc32/v1.33/bin/bin/../../lib/gcc/pic32mx/4.5.2/../../../../pic32mx/lib/./proc/32MX695F512H/crt0_mips32r2.o
                0x9d004a2c                __crt0_exit
 .text          0x9d004a4c        0x0 /opt/microchip/xc32/v1.33/bin/bin/../../lib/gcc/pic32mx/4.5.2/../../../../pic32mx/lib/debug-exception-return.o
 .text          0x9d004a4c     0x5864 build/default/production/main.o
                0x9d004a4c                initLCD
                0x9d004b58                setDataBusAsRead
                0x9d004c18                GLCD_DrawLine
                0x9d004eac                GLCD_DrawCircle
                0x9d005064                GLCD_DrawBox
                0x9d0052f0                Enable_Pulse
                0x9d005354                GLCD_ON
                0x9d00540c                GLCD_OFF
                0x9d005490                Set_Start_Line
                0x9d005530                GOTO_COL
                0x9d005624                GOTO_ROW
                0x9d0056a4                GOTO_XY
                0x9d0056ec                GLCD_Write
                0x9d005764                GLCD_Read
                0x9d005960                GLCD_Clrln
                0x9d005a00                GLCD_CLR
                0x9d005a60                Draw_Point
                0x9d005b94                writeByteToScreen
                0x9d005c60                GLCD_Data
                0x9d005df4                delay_us
                0x9d005eb0                GLCD_RenderText
                0x9d006050                GLCD_RenderText_writeBytes
                0x9d006370                strtok_single
                0x9d00641c                sunpos
                0x9d006bb4                init
                0x9d006f7c                initGPS
                0x9d00706c                initESP8266
                0x9d0071d0                initDebug
                0x9d007264                _mon_putc
                0x9d0072b0                init_userinterface
                0x9d007348                main
                0x9d0073f4                receiveWiFiData
                0x9d007544                receiveGPSData
                0x9d0076d0                forceDataRewrite
                0x9d007768                loadScreenPage
                0x9d007c18                displayGPSData
                0x9d008d00                NMEAParser
                0x9d009b0c                NMEAChecksum
                0x9d009c28                IntTim2Handler
                0x9d009db8                IntUart1Handler
                0x9d009f18                IntUart2Handler
                0x9d00a070                DetButtons
                0x9d00a140                is_uart_data_ready
                0x9d00a180                is_WiFi_data_ready
                0x9d00a1c0                uart_getchar
                0x9d00a238                WiFi_getchar
 .text          0x9d00a2b0        0x0 /opt/microchip/xc32/v1.33/bin/bin/../../lib/gcc/pic32mx/4.5.2/../../../../pic32mx/lib/./proc/32MX695F512H/processor.o
 .text          0x9d00a2b0        0x0 /opt/microchip/xc32/v1.33/bin/bin/../../lib/gcc/pic32mx/4.5.2/../../../../pic32mx/lib/libmchp_peripheral.a(open_core_timer_lib.o)
 .text.OpenCoreTimer
                0x9d00a2b0        0xc /opt/microchip/xc32/v1.33/bin/bin/../../lib/gcc/pic32mx/4.5.2/../../../../pic32mx/lib/libmchp_peripheral.a(open_core_timer_lib.o)
                0x9d00a2b0                OpenCoreTimer
 .text          0x9d00a2bc        0x0 /opt/microchip/xc32/v1.33/bin/bin/../../lib/gcc/pic32mx/4.5.2/../../../../pic32mx/lib/libmchp_peripheral_32MX695F512H.a(pcache.o)
 .text.CheKseg0CacheOff
                0x9d00a2bc       0x18 /opt/microchip/xc32/v1.33/bin/bin/../../lib/gcc/pic32mx/4.5.2/../../../../pic32mx/lib/libmchp_peripheral_32MX695F512H.a(pcache.o)
                0x9d00a2bc                CheKseg0CacheOff
 .text.CheKseg0CacheOn
                0x9d00a2d4       0x18 /opt/microchip/xc32/v1.33/bin/bin/../../lib/gcc/pic32mx/4.5.2/../../../../pic32mx/lib/libmchp_peripheral_32MX695F512H.a(pcache.o)
                0x9d00a2d4                CheKseg0CacheOn
 .text          0x9d00a2ec        0x0 /opt/microchip/xc32/v1.33/bin/bin/../../lib/gcc/pic32mx/4.5.2/../../../../pic32mx/lib/libmchp_peripheral_32MX695F512H.a(int_disable_interrupts_lib.o)
 .text.INTDisableInterrupts
                0x9d00a2ec        0x8 /opt/microchip/xc32/v1.33/bin/bin/../../lib/gcc/pic32mx/4.5.2/../../../../pic32mx/lib/libmchp_peripheral_32MX695F512H.a(int_disable_interrupts_lib.o)
                0x9d00a2ec                INTDisableInterrupts
 .text          0x9d00a2f4        0x0 /opt/microchip/xc32/v1.33/bin/bin/../../lib/gcc/pic32mx/4.5.2/../../../../pic32mx/lib/libmchp_peripheral_32MX695F512H.a(int_restore_interrupts_lib.o)
 .text.INTRestoreInterrupts
                0x9d00a2f4       0x1c /opt/microchip/xc32/v1.33/bin/bin/../../lib/gcc/pic32mx/4.5.2/../../../../pic32mx/lib/libmchp_peripheral_32MX695F512H.a(int_restore_interrupts_lib.o)
                0x9d00a2f4                INTRestoreInterrupts
 .text          0x9d00a310        0x0 /opt/microchip/xc32/v1.33/bin/bin/../../lib/gcc/pic32mx/4.5.2/../../../../pic32mx/lib/libmchp_peripheral_32MX695F512H.a(int_enable_mv_int_lib.o)
 .text.INTEnableSystemMultiVectoredInt
                0x9d00a310       0x34 /opt/microchip/xc32/v1.33/bin/bin/../../lib/gcc/pic32mx/4.5.2/../../../../pic32mx/lib/libmchp_peripheral_32MX695F512H.a(int_enable_mv_int_lib.o)
                0x9d00a310                INTEnableSystemMultiVectoredInt
 .text          0x9d00a344        0x0 /opt/microchip/xc32/v1.33/bin/bin/../../lib/gcc/pic32mx/4.5.2/../../../../pic32mx/lib/libmchp_peripheral_32MX695F512H.a(uart_lib.o)
 .text.UARTEnable
                0x9d00a344       0x80 /opt/microchip/xc32/v1.33/bin/bin/../../lib/gcc/pic32mx/4.5.2/../../../../pic32mx/lib/libmchp_peripheral_32MX695F512H.a(uart_lib.o)
                0x9d00a344                UARTEnable
 .text.UARTConfigure
                0x9d00a3c4       0x3c /opt/microchip/xc32/v1.33/bin/bin/../../lib/gcc/pic32mx/4.5.2/../../../../pic32mx/lib/libmchp_peripheral_32MX695F512H.a(uart_lib.o)
                0x9d00a3c4                UARTConfigure
 .text.UARTSetFifoMode
                0x9d00a400       0x28 /opt/microchip/xc32/v1.33/bin/bin/../../lib/gcc/pic32mx/4.5.2/../../../../pic32mx/lib/libmchp_peripheral_32MX695F512H.a(uart_lib.o)
                0x9d00a400                UARTSetFifoMode
 .text.UARTSetDataRate
                0x9d00a428       0x90 /opt/microchip/xc32/v1.33/bin/bin/../../lib/gcc/pic32mx/4.5.2/../../../../pic32mx/lib/libmchp_peripheral_32MX695F512H.a(uart_lib.o)
                0x9d00a428                UARTSetDataRate
 .text.UARTGetDataRate
                0x9d00a4b8       0x5c /opt/microchip/xc32/v1.33/bin/bin/../../lib/gcc/pic32mx/4.5.2/../../../../pic32mx/lib/libmchp_peripheral_32MX695F512H.a(uart_lib.o)
                0x9d00a4b8                UARTGetDataRate
 .text.UARTSetLineControl
                0x9d00a514       0x28 /opt/microchip/xc32/v1.33/bin/bin/../../lib/gcc/pic32mx/4.5.2/../../../../pic32mx/lib/libmchp_peripheral_32MX695F512H.a(uart_lib.o)
                0x9d00a514                UARTSetLineControl
 .text.UARTSetAddress
                0x9d00a53c       0x3c /opt/microchip/xc32/v1.33/bin/bin/../../lib/gcc/pic32mx/4.5.2/../../../../pic32mx/lib/libmchp_peripheral_32MX695F512H.a(uart_lib.o)
                0x9d00a53c                UARTSetAddress
 .text.UARTWatchForAddress
                0x9d00a578       0x38 /opt/microchip/xc32/v1.33/bin/bin/../../lib/gcc/pic32mx/4.5.2/../../../../pic32mx/lib/libmchp_peripheral_32MX695F512H.a(uart_lib.o)
                0x9d00a578                UARTWatchForAddress
 .text          0x9d00a5b0        0x0 /opt/microchip/xc32/v1.33/bin/bin/../../lib/gcc/pic32mx/4.5.2/../../../../pic32mx/lib/libmchp_peripheral_32MX695F512H.a(int_enable_interrupts_lib.o)
 .text.INTEnableInterrupts
                0x9d00a5b0        0x8 /opt/microchip/xc32/v1.33/bin/bin/../../lib/gcc/pic32mx/4.5.2/../../../../pic32mx/lib/libmchp_peripheral_32MX695F512H.a(int_enable_interrupts_lib.o)
                0x9d00a5b0                INTEnableInterrupts
 .text          0x9d00a5b8        0x0 /opt/microchip/xc32/v1.33/bin/bin/../../lib/gcc/pic32mx/4.5.2/../../../../pic32mx/lib/./proc/32MX695F512H/default_isr_vectors.o
 .text          0x9d00a5b8       0x44 /opt/microchip/xc32/v1.33/bin/bin/../../lib/gcc/pic32mx/4.5.2/../../../../pic32mx/lib/pic32_software_reset.o
                0x9d00a5b8                __pic32_software_reset
 .text          0x9d00a5fc      0x168 /opt/microchip/xc32/v1.33/bin/bin/../../lib/gcc/pic32mx/4.5.2/../../../../pic32mx/lib/libpic32.a(memcpy.o)
                0x9d00a5fc                memcpy
 .text          0x9d00a764       0xa8 /opt/microchip/xc32/v1.33/bin/bin/../../lib/gcc/pic32mx/4.5.2/../../../../pic32mx/lib/libpic32.a(memset.o)
                0x9d00a764                memset
 .text          0x9d00a80c      0x120 /opt/microchip/xc32/v1.33/bin/bin/../../lib/gcc/pic32mx/4.5.2/../../../../pic32mx/lib/libpic32.a(strcmp.o)
                0x9d00a80c                strcmp
 .text          0x9d00a92c      0x1a0 /opt/microchip/xc32/v1.33/bin/bin/../../lib/gcc/pic32mx/4.5.2/../../../../pic32mx/lib/libpic32.a(strcpy.o)
                0x9d00a92c                strcpy
 .text          0x9d00aacc      0x168 /opt/microchip/xc32/v1.33/bin/bin/../../lib/gcc/pic32mx/4.5.2/../../../../pic32mx/lib/libpic32.a(strlen.o)
                0x9d00aacc                strlen
 .text          0x9d00ac34        0x0 /opt/microchip/xc32/v1.33/bin/bin/../../lib/gcc/pic32mx/4.5.2/../../../../pic32mx/lib/libpic32.a(default-bootstrap-exception-handler.o)
 .text._bootstrap_exception_handler
                0x9d00ac34       0x48 /opt/microchip/xc32/v1.33/bin/bin/../../lib/gcc/pic32mx/4.5.2/../../../../pic32mx/lib/libpic32.a(default-bootstrap-exception-handler.o)
                0x9d00ac34                _bootstrap_exception_handler
 .text          0x9d00ac7c        0x0 /opt/microchip/xc32/v1.33/bin/bin/../../lib/gcc/pic32mx/4.5.2/../../../../pic32mx/lib/libpic32.a(default-on-reset.o)
 .text._on_reset
                0x9d00ac7c        0x8 /opt/microchip/xc32/v1.33/bin/bin/../../lib/gcc/pic32mx/4.5.2/../../../../pic32mx/lib/libpic32.a(default-on-reset.o)
                0x9d00ac7c                _on_reset
 .text          0x9d00ac84        0x0 /opt/microchip/xc32/v1.33/bin/bin/../../lib/gcc/pic32mx/4.5.2/../../../../pic32mx/lib/libpic32.a(default-on-bootstrap.o)
 .text._on_bootstrap
                0x9d00ac84        0x8 /opt/microchip/xc32/v1.33/bin/bin/../../lib/gcc/pic32mx/4.5.2/../../../../pic32mx/lib/libpic32.a(default-on-bootstrap.o)
                0x9d00ac84                _on_bootstrap
 .text          0x9d00ac8c       0x18 /opt/microchip/xc32/v1.33/bin/bin/../../lib/gcc/pic32mx/4.5.2/../../../../pic32mx/lib/libpic32.a(default-nmi-handler.o)
                0x9d00ac8c                _nmi_handler
 .text          0x9d00aca4        0x0 /opt/microchip/xc32/v1.33/bin/bin/../../lib/gcc/pic32mx/4.5.2/../../../../pic32mx/lib/libpic32.a(general-exception.o)
 .text.general_exception
                0x9d00aca4       0xdc /opt/microchip/xc32/v1.33/bin/bin/../../lib/gcc/pic32mx/4.5.2/../../../../pic32mx/lib/libpic32.a(general-exception.o)
                0x9d00aca4                _general_exception_context
 .text          0x9d00ad80        0x0 /opt/microchip/xc32/v1.33/bin/bin/../../lib/gcc/pic32mx/4.5.2/../../../../pic32mx/lib/libpic32.a(vector0.o)
 .text          0x9d00ad80        0x0 /opt/microchip/xc32/v1.33/bin/bin/../../lib/gcc/pic32mx/4.5.2/../../../../pic32mx/lib/libpic32.a(vector1.o)
 .text          0x9d00ad80        0x0 /opt/microchip/xc32/v1.33/bin/bin/../../lib/gcc/pic32mx/4.5.2/../../../../pic32mx/lib/libpic32.a(vector2.o)
 .text          0x9d00ad80        0x0 /opt/microchip/xc32/v1.33/bin/bin/../../lib/gcc/pic32mx/4.5.2/../../../../pic32mx/lib/libpic32.a(vector3.o)
 .text          0x9d00ad80        0x0 /opt/microchip/xc32/v1.33/bin/bin/../../lib/gcc/pic32mx/4.5.2/../../../../pic32mx/lib/libpic32.a(vector4.o)
 .text          0x9d00ad80        0x0 /opt/microchip/xc32/v1.33/bin/bin/../../lib/gcc/pic32mx/4.5.2/../../../../pic32mx/lib/libpic32.a(vector5.o)
 .text          0x9d00ad80        0x0 /opt/microchip/xc32/v1.33/bin/bin/../../lib/gcc/pic32mx/4.5.2/../../../../pic32mx/lib/libpic32.a(vector6.o)
 .text          0x9d00ad80        0x0 /opt/microchip/xc32/v1.33/bin/bin/../../lib/gcc/pic32mx/4.5.2/../../../../pic32mx/lib/libpic32.a(vector7.o)
 .text          0x9d00ad80        0x0 /opt/microchip/xc32/v1.33/bin/bin/../../lib/gcc/pic32mx/4.5.2/../../../../pic32mx/lib/libpic32.a(vector9.o)
 .text          0x9d00ad80        0x0 /opt/microchip/xc32/v1.33/bin/bin/../../lib/gcc/pic32mx/4.5.2/../../../../pic32mx/lib/libpic32.a(vector10.o)
 .text          0x9d00ad80        0x0 /opt/microchip/xc32/v1.33/bin/bin/../../lib/gcc/pic32mx/4.5.2/../../../../pic32mx/lib/libpic32.a(vector11.o)
 .text          0x9d00ad80        0x0 /opt/microchip/xc32/v1.33/bin/bin/../../lib/gcc/pic32mx/4.5.2/../../../../pic32mx/lib/libpic32.a(vector12.o)
 .text          0x9d00ad80        0x0 /opt/microchip/xc32/v1.33/bin/bin/../../lib/gcc/pic32mx/4.5.2/../../../../pic32mx/lib/libpic32.a(vector13.o)
 .text          0x9d00ad80        0x0 /opt/microchip/xc32/v1.33/bin/bin/../../lib/gcc/pic32mx/4.5.2/../../../../pic32mx/lib/libpic32.a(vector14.o)
 .text          0x9d00ad80        0x0 /opt/microchip/xc32/v1.33/bin/bin/../../lib/gcc/pic32mx/4.5.2/../../../../pic32mx/lib/libpic32.a(vector15.o)
 .text          0x9d00ad80        0x0 /opt/microchip/xc32/v1.33/bin/bin/../../lib/gcc/pic32mx/4.5.2/../../../../pic32mx/lib/libpic32.a(vector16.o)
 .text          0x9d00ad80        0x0 /opt/microchip/xc32/v1.33/bin/bin/../../lib/gcc/pic32mx/4.5.2/../../../../pic32mx/lib/libpic32.a(vector17.o)
 .text          0x9d00ad80        0x0 /opt/microchip/xc32/v1.33/bin/bin/../../lib/gcc/pic32mx/4.5.2/../../../../pic32mx/lib/libpic32.a(vector18.o)
 .text          0x9d00ad80        0x0 /opt/microchip/xc32/v1.33/bin/bin/../../lib/gcc/pic32mx/4.5.2/../../../../pic32mx/lib/libpic32.a(vector19.o)
 .text          0x9d00ad80        0x0 /opt/microchip/xc32/v1.33/bin/bin/../../lib/gcc/pic32mx/4.5.2/../../../../pic32mx/lib/libpic32.a(vector20.o)
 .text          0x9d00ad80        0x0 /opt/microchip/xc32/v1.33/bin/bin/../../lib/gcc/pic32mx/4.5.2/../../../../pic32mx/lib/libpic32.a(vector21.o)
 .text          0x9d00ad80        0x0 /opt/microchip/xc32/v1.33/bin/bin/../../lib/gcc/pic32mx/4.5.2/../../../../pic32mx/lib/libpic32.a(vector22.o)
 .text          0x9d00ad80        0x0 /opt/microchip/xc32/v1.33/bin/bin/../../lib/gcc/pic32mx/4.5.2/../../../../pic32mx/lib/libpic32.a(vector23.o)
 .text          0x9d00ad80        0x0 /opt/microchip/xc32/v1.33/bin/bin/../../lib/gcc/pic32mx/4.5.2/../../../../pic32mx/lib/libpic32.a(vector25.o)
 .text          0x9d00ad80        0x0 /opt/microchip/xc32/v1.33/bin/bin/../../lib/gcc/pic32mx/4.5.2/../../../../pic32mx/lib/libpic32.a(vector27.o)
 .text          0x9d00ad80        0x0 /opt/microchip/xc32/v1.33/bin/bin/../../lib/gcc/pic32mx/4.5.2/../../../../pic32mx/lib/libpic32.a(vector28.o)
 .text          0x9d00ad80        0x0 /opt/microchip/xc32/v1.33/bin/bin/../../lib/gcc/pic32mx/4.5.2/../../../../pic32mx/lib/libpic32.a(vector29.o)
 .text          0x9d00ad80        0x0 /opt/microchip/xc32/v1.33/bin/bin/../../lib/gcc/pic32mx/4.5.2/../../../../pic32mx/lib/libpic32.a(vector30.o)
 .text          0x9d00ad80        0x0 /opt/microchip/xc32/v1.33/bin/bin/../../lib/gcc/pic32mx/4.5.2/../../../../pic32mx/lib/libpic32.a(vector31.o)
 .text          0x9d00ad80        0x0 /opt/microchip/xc32/v1.33/bin/bin/../../lib/gcc/pic32mx/4.5.2/../../../../pic32mx/lib/libpic32.a(vector33.o)
 .text          0x9d00ad80        0x0 /opt/microchip/xc32/v1.33/bin/bin/../../lib/gcc/pic32mx/4.5.2/../../../../pic32mx/lib/libpic32.a(vector34.o)
 .text          0x9d00ad80        0x0 /opt/microchip/xc32/v1.33/bin/bin/../../lib/gcc/pic32mx/4.5.2/../../../../pic32mx/lib/libpic32.a(vector35.o)
 .text          0x9d00ad80        0x0 /opt/microchip/xc32/v1.33/bin/bin/../../lib/gcc/pic32mx/4.5.2/../../../../pic32mx/lib/libpic32.a(vector36.o)
 .text          0x9d00ad80        0x0 /opt/microchip/xc32/v1.33/bin/bin/../../lib/gcc/pic32mx/4.5.2/../../../../pic32mx/lib/libpic32.a(vector37.o)
 .text          0x9d00ad80        0x0 /opt/microchip/xc32/v1.33/bin/bin/../../lib/gcc/pic32mx/4.5.2/../../../../pic32mx/lib/libpic32.a(vector38.o)
 .text          0x9d00ad80        0x0 /opt/microchip/xc32/v1.33/bin/bin/../../lib/gcc/pic32mx/4.5.2/../../../../pic32mx/lib/libpic32.a(vector39.o)
 .text          0x9d00ad80        0x0 /opt/microchip/xc32/v1.33/bin/bin/../../lib/gcc/pic32mx/4.5.2/../../../../pic32mx/lib/libpic32.a(vector40.o)
 .text          0x9d00ad80        0x0 /opt/microchip/xc32/v1.33/bin/bin/../../lib/gcc/pic32mx/4.5.2/../../../../pic32mx/lib/libpic32.a(vector41.o)
 .text          0x9d00ad80        0x0 /opt/microchip/xc32/v1.33/bin/bin/../../lib/gcc/pic32mx/4.5.2/../../../../pic32mx/lib/libpic32.a(vector42.o)
 .text          0x9d00ad80        0x0 /opt/microchip/xc32/v1.33/bin/bin/../../lib/gcc/pic32mx/4.5.2/../../../../pic32mx/lib/libpic32.a(vector43.o)
 .text          0x9d00ad80        0x0 /opt/microchip/xc32/v1.33/bin/bin/../../lib/gcc/pic32mx/4.5.2/../../../../pic32mx/lib/libpic32.a(vector44.o)
 .text          0x9d00ad80        0x0 /opt/microchip/xc32/v1.33/bin/bin/../../lib/gcc/pic32mx/4.5.2/../../../../pic32mx/lib/libpic32.a(vector45.o)
 .text          0x9d00ad80        0x0 /opt/microchip/xc32/v1.33/bin/bin/../../lib/gcc/pic32mx/4.5.2/../../../../pic32mx/lib/libpic32.a(vector46.o)
 .text          0x9d00ad80        0x0 /opt/microchip/xc32/v1.33/bin/bin/../../lib/gcc/pic32mx/4.5.2/../../../../pic32mx/lib/libpic32.a(vector47.o)
 .text          0x9d00ad80        0x0 /opt/microchip/xc32/v1.33/bin/bin/../../lib/gcc/pic32mx/4.5.2/../../../../pic32mx/lib/libpic32.a(vector48.o)
 .text          0x9d00ad80        0x0 /opt/microchip/xc32/v1.33/bin/bin/../../lib/gcc/pic32mx/4.5.2/../../../../pic32mx/lib/libpic32.a(vector49.o)
 .text          0x9d00ad80        0x0 /opt/microchip/xc32/v1.33/bin/bin/../../lib/gcc/pic32mx/4.5.2/../../../../pic32mx/lib/libpic32.a(vector50.o)
 .text          0x9d00ad80        0x0 /opt/microchip/xc32/v1.33/bin/bin/../../lib/gcc/pic32mx/4.5.2/../../../../pic32mx/lib/libpic32.a(vector51.o)
 .text          0x9d00ad80        0x0 /opt/microchip/xc32/v1.33/bin/bin/../../lib/gcc/pic32mx/4.5.2/../../../../pic32mx/lib/libpic32.a(vector52.o)
 .text          0x9d00ad80        0x0 /opt/microchip/xc32/v1.33/bin/bin/../../lib/gcc/pic32mx/4.5.2/../../../../pic32mx/lib/libpic32.a(vector53.o)
 .text          0x9d00ad80        0x0 /opt/microchip/xc32/v1.33/bin/bin/../../lib/gcc/pic32mx/4.5.2/../../../../pic32mx/lib/libpic32.a(vector54.o)
 .text          0x9d00ad80        0x0 /opt/microchip/xc32/v1.33/bin/bin/../../lib/gcc/pic32mx/4.5.2/../../../../pic32mx/lib/libpic32.a(vector55.o)
 .text          0x9d00ad80        0x0 /opt/microchip/xc32/v1.33/bin/bin/../../lib/gcc/pic32mx/4.5.2/../../../../pic32mx/lib/libpic32.a(vector56.o)
 .text          0x9d00ad80        0x0 /opt/microchip/xc32/v1.33/bin/bin/../../lib/gcc/pic32mx/4.5.2/../../../../pic32mx/lib/libpic32.a(vector57.o)
 .text          0x9d00ad80        0x0 /opt/microchip/xc32/v1.33/bin/bin/../../lib/gcc/pic32mx/4.5.2/../../../../pic32mx/lib/libpic32.a(vector58.o)
 .text          0x9d00ad80        0x0 /opt/microchip/xc32/v1.33/bin/bin/../../lib/gcc/pic32mx/4.5.2/../../../../pic32mx/lib/libpic32.a(vector59.o)
 .text          0x9d00ad80        0x0 /opt/microchip/xc32/v1.33/bin/bin/../../lib/gcc/pic32mx/4.5.2/../../../../pic32mx/lib/libpic32.a(vector60.o)
 .text          0x9d00ad80        0x0 /opt/microchip/xc32/v1.33/bin/bin/../../lib/gcc/pic32mx/4.5.2/../../../../pic32mx/lib/libpic32.a(vector61.o)
 .text          0x9d00ad80        0x0 /opt/microchip/xc32/v1.33/bin/bin/../../lib/gcc/pic32mx/4.5.2/../../../../pic32mx/lib/libpic32.a(vector62.o)
 .text          0x9d00ad80        0x0 /opt/microchip/xc32/v1.33/bin/bin/../../lib/gcc/pic32mx/4.5.2/../../../../pic32mx/lib/libpic32.a(vector63.o)
 .text          0x9d00ad80        0x0 /opt/microchip/xc32/v1.33/bin/bin/../../lib/gcc/pic32mx/4.5.2/../../../../pic32mx/lib/libpic32.a(default-general-exception-handler.o)
 .text._general_exception_handler
                0x9d00ad80       0x48 /opt/microchip/xc32/v1.33/bin/bin/../../lib/gcc/pic32mx/4.5.2/../../../../pic32mx/lib/libpic32.a(default-general-exception-handler.o)
                0x9d00ad80                _general_exception_handler
 .text          0x9d00adc8        0x0 /opt/microchip/xc32/v1.33/bin/bin/../../lib/gcc/pic32mx/4.5.2/../../../../pic32mx/lib/libpic32.a(defaultinterrupt.o)
 .text          0x9d00adc8        0x0 /opt/microchip/xc32/v1.33/bin/bin/../../lib/gcc/pic32mx/4.5.2/../../../../pic32mx/lib/libm.a(fp32div.o)
 .text.fp32div  0x9d00adc8      0x230 /opt/microchip/xc32/v1.33/bin/bin/../../lib/gcc/pic32mx/4.5.2/../../../../pic32mx/lib/libm.a(fp32div.o)
                0x9d00adc8                __divsf3
                0x9d00adc8                fpdiv
 .text          0x9d00aff8        0x0 /opt/microchip/xc32/v1.33/bin/bin/../../lib/gcc/pic32mx/4.5.2/../../../../pic32mx/lib/libm.a(fp32mul.o)
 .text.fp32mul  0x9d00aff8      0x1bc /opt/microchip/xc32/v1.33/bin/bin/../../lib/gcc/pic32mx/4.5.2/../../../../pic32mx/lib/libm.a(fp32mul.o)
                0x9d00aff8                __mulsf3
                0x9d00aff8                fpmul
 .text          0x9d00b1b4        0x0 /opt/microchip/xc32/v1.33/bin/bin/../../lib/gcc/pic32mx/4.5.2/../../../../pic32mx/lib/libm.a(fp32subadd.o)
 .text.fpsubadd
                0x9d00b1b4      0x278 /opt/microchip/xc32/v1.33/bin/bin/../../lib/gcc/pic32mx/4.5.2/../../../../pic32mx/lib/libm.a(fp32subadd.o)
                0x9d00b1b4                __subsf3
                0x9d00b1b4                fpsub
                0x9d00b1bc                fpadd
                0x9d00b1bc                __addsf3
 .text          0x9d00b42c        0x0 /opt/microchip/xc32/v1.33/bin/bin/../../lib/gcc/pic32mx/4.5.2/../../../../pic32mx/lib/libm.a(fpcmp.o)
 .text.fpcmp    0x9d00b42c       0x9c /opt/microchip/xc32/v1.33/bin/bin/../../lib/gcc/pic32mx/4.5.2/../../../../pic32mx/lib/libm.a(fpcmp.o)
                0x9d00b42c                __lesf2
                0x9d00b42c                __nesf2
                0x9d00b42c                __gtsf2
                0x9d00b42c                __eqsf2
                0x9d00b42c                __ltsf2
                0x9d00b42c                fpcmp
                0x9d00b42c                __gesf2
 .text          0x9d00b4c8        0x0 /opt/microchip/xc32/v1.33/bin/bin/../../lib/gcc/pic32mx/4.5.2/../../../../pic32mx/lib/libm.a(fpcos32.o)
 .text.libm     0x9d00b4c8      0x118 /opt/microchip/xc32/v1.33/bin/bin/../../lib/gcc/pic32mx/4.5.2/../../../../pic32mx/lib/libm.a(fpcos32.o)
                0x9d00b4c8                fpcos
                0x9d00b4c8                cosf
 .text          0x9d00b5e0        0x0 /opt/microchip/xc32/v1.33/bin/bin/../../lib/gcc/pic32mx/4.5.2/../../../../pic32mx/lib/libm.a(fpreduct32.o)
 .text.libm     0x9d00b5e0      0x10c /opt/microchip/xc32/v1.33/bin/bin/../../lib/gcc/pic32mx/4.5.2/../../../../pic32mx/lib/libm.a(fpreduct32.o)
                0x9d00b5e0                fpreduct
 .text          0x9d00b6ec        0x0 /opt/microchip/xc32/v1.33/bin/bin/../../lib/gcc/pic32mx/4.5.2/../../../../pic32mx/lib/libm.a(fpsin32.o)
 .text.libm     0x9d00b6ec      0x11c /opt/microchip/xc32/v1.33/bin/bin/../../lib/gcc/pic32mx/4.5.2/../../../../pic32mx/lib/libm.a(fpsin32.o)
                0x9d00b6ec                fpsin
                0x9d00b6ec                sinf
 .text          0x9d00b808      0x1ac /opt/microchip/xc32/v1.33/bin/bin/../../lib/gcc/pic32mx/4.5.2/../../../../pic32mx/lib/libm.a(fptan32.o)
                0x9d00b808                fptan
                0x9d00b808                tanf
 .text.libm     0x9d00b9b4        0x0 /opt/microchip/xc32/v1.33/bin/bin/../../lib/gcc/pic32mx/4.5.2/../../../../pic32mx/lib/libm.a(fptan32.o)
 .text          0x9d00b9b4        0x0 /opt/microchip/xc32/v1.33/bin/bin/../../lib/gcc/pic32mx/4.5.2/../../../../pic32mx/lib/libm.a(fptoli.o)
 .text.fptoli   0x9d00b9b4       0x80 /opt/microchip/xc32/v1.33/bin/bin/../../lib/gcc/pic32mx/4.5.2/../../../../pic32mx/lib/libm.a(fptoli.o)
                0x9d00b9b4                __fixsfsi
                0x9d00b9b4                fptoli
                0x9d00b9b4                fptosi
 .text          0x9d00ba34        0x0 /opt/microchip/xc32/v1.33/bin/bin/../../lib/gcc/pic32mx/4.5.2/../../../../pic32mx/lib/libm.a(fptoul.o)
 .text.fptoul   0x9d00ba34       0x7c /opt/microchip/xc32/v1.33/bin/bin/../../lib/gcc/pic32mx/4.5.2/../../../../pic32mx/lib/libm.a(fptoul.o)
                0x9d00ba34                fptoui
                0x9d00ba34                __fixunssfsi
                0x9d00ba34                fptoul
 .text          0x9d00bab0        0x0 /opt/microchip/xc32/v1.33/bin/bin/../../lib/gcc/pic32mx/4.5.2/../../../../pic32mx/lib/libm.a(sincof32.o)
 .text          0x9d00bab0        0x0 /opt/microchip/xc32/v1.33/bin/bin/../../lib/gcc/pic32mx/4.5.2/../../../../pic32mx/lib/libm.a(sitofp.o)
 .text.sitofp   0x9d00bab0       0x60 /opt/microchip/xc32/v1.33/bin/bin/../../lib/gcc/pic32mx/4.5.2/../../../../pic32mx/lib/libm.a(sitofp.o)
                0x9d00bab0                sitofp
                0x9d00bab0                __floatsisf
                0x9d00bab0                litofp
 .text          0x9d00bb10        0x0 /opt/microchip/xc32/v1.33/bin/bin/../../lib/gcc/pic32mx/4.5.2/../../../../pic32mx/lib/libm.a(w_acosf.o)
 .text.acosf    0x9d00bb10       0x7c /opt/microchip/xc32/v1.33/bin/bin/../../lib/gcc/pic32mx/4.5.2/../../../../pic32mx/lib/libm.a(w_acosf.o)
                0x9d00bb10                acosf
 .text          0x9d00bb8c        0x0 /opt/microchip/xc32/v1.33/bin/bin/../../lib/gcc/pic32mx/4.5.2/../../../../pic32mx/lib/libm.a(w_asinf.o)
 .text.asinf    0x9d00bb8c       0x7c /opt/microchip/xc32/v1.33/bin/bin/../../lib/gcc/pic32mx/4.5.2/../../../../pic32mx/lib/libm.a(w_asinf.o)
                0x9d00bb8c                asinf
 .text          0x9d00bc08        0x0 /opt/microchip/xc32/v1.33/bin/bin/../../lib/gcc/pic32mx/4.5.2/../../../../pic32mx/lib/libm.a(w_atan2f.o)
 .text.atan2f   0x9d00bc08      0x300 /opt/microchip/xc32/v1.33/bin/bin/../../lib/gcc/pic32mx/4.5.2/../../../../pic32mx/lib/libm.a(w_atan2f.o)
                0x9d00bc08                atan2f
 .text          0x9d00bf08        0x0 /opt/microchip/xc32/v1.33/bin/bin/../../lib/gcc/pic32mx/4.5.2/../../../../pic32mx/lib/libm.a(support.o)
 .text.copysignl
                0x9d00bf08       0x34 /opt/microchip/xc32/v1.33/bin/bin/../../lib/gcc/pic32mx/4.5.2/../../../../pic32mx/lib/libm.a(support.o)
                0x9d00bf08                copysignl
 .text.copysign
                0x9d00bf3c       0x60 /opt/microchip/xc32/v1.33/bin/bin/../../lib/gcc/pic32mx/4.5.2/../../../../pic32mx/lib/libm.a(support.o)
                0x9d00bf3c                copysign
 .text.copysignf
                0x9d00bf9c       0x60 /opt/microchip/xc32/v1.33/bin/bin/../../lib/gcc/pic32mx/4.5.2/../../../../pic32mx/lib/libm.a(support.o)
                0x9d00bf9c                copysignf
 .text.logbl    0x9d00bffc      0x120 /opt/microchip/xc32/v1.33/bin/bin/../../lib/gcc/pic32mx/4.5.2/../../../../pic32mx/lib/libm.a(support.o)
                0x9d00bffc                logbl
 .text.logb     0x9d00c11c       0x28 /opt/microchip/xc32/v1.33/bin/bin/../../lib/gcc/pic32mx/4.5.2/../../../../pic32mx/lib/libm.a(support.o)
                0x9d00c11c                logb
 .text.logbf    0x9d00c144       0x28 /opt/microchip/xc32/v1.33/bin/bin/../../lib/gcc/pic32mx/4.5.2/../../../../pic32mx/lib/libm.a(support.o)
                0x9d00c144                logbf
 .text.finitel  0x9d00c16c       0x1c /opt/microchip/xc32/v1.33/bin/bin/../../lib/gcc/pic32mx/4.5.2/../../../../pic32mx/lib/libm.a(support.o)
                0x9d00c16c                finitel
 .text.finite   0x9d00c188       0x34 /opt/microchip/xc32/v1.33/bin/bin/../../lib/gcc/pic32mx/4.5.2/../../../../pic32mx/lib/libm.a(support.o)
                0x9d00c188                finite
 .text.finitef  0x9d00c1bc       0x34 /opt/microchip/xc32/v1.33/bin/bin/../../lib/gcc/pic32mx/4.5.2/../../../../pic32mx/lib/libm.a(support.o)
                0x9d00c1bc                finitef
 .text.dreml    0x9d00c1f0      0x474 /opt/microchip/xc32/v1.33/bin/bin/../../lib/gcc/pic32mx/4.5.2/../../../../pic32mx/lib/libm.a(support.o)
                0x9d00c1f0                dreml
 .text.drem     0x9d00c664       0x28 /opt/microchip/xc32/v1.33/bin/bin/../../lib/gcc/pic32mx/4.5.2/../../../../pic32mx/lib/libm.a(support.o)
                0x9d00c664                drem
 .text.dremf    0x9d00c68c       0x28 /opt/microchip/xc32/v1.33/bin/bin/../../lib/gcc/pic32mx/4.5.2/../../../../pic32mx/lib/libm.a(support.o)
                0x9d00c68c                dremf
 .text          0x9d00c6b4        0x0 /opt/microchip/xc32/v1.33/bin/bin/../../lib/gcc/pic32mx/4.5.2/../../../../pic32mx/lib/libm.a(dpldexp.o)
 .text.libm     0x9d00c6b4      0x16c /opt/microchip/xc32/v1.33/bin/bin/../../lib/gcc/pic32mx/4.5.2/../../../../pic32mx/lib/libm.a(dpldexp.o)
                0x9d00c6b4                __mchp_ldexp
                0x9d00c6b4                ldexp
                0x9d00c6b4                dpldexp
 .text          0x9d00c820        0x0 /opt/microchip/xc32/v1.33/bin/bin/../../lib/gcc/pic32mx/4.5.2/../../../../pic32mx/lib/libm.a(dp32div.o)
 .text.dp32mul  0x9d00c820      0x4b8 /opt/microchip/xc32/v1.33/bin/bin/../../lib/gcc/pic32mx/4.5.2/../../../../pic32mx/lib/libm.a(dp32div.o)
                0x9d00c820                dpdiv
                0x9d00c820                __divdf3
 .text          0x9d00ccd8        0x0 /opt/microchip/xc32/v1.33/bin/bin/../../lib/gcc/pic32mx/4.5.2/../../../../pic32mx/lib/libm.a(dp32mul.o)
 .text.dp32mul  0x9d00ccd8      0x32c /opt/microchip/xc32/v1.33/bin/bin/../../lib/gcc/pic32mx/4.5.2/../../../../pic32mx/lib/libm.a(dp32mul.o)
                0x9d00ccd8                dpmul
                0x9d00ccd8                __muldf3
 .text          0x9d00d004        0x0 /opt/microchip/xc32/v1.33/bin/bin/../../lib/gcc/pic32mx/4.5.2/../../../../pic32mx/lib/libm.a(dp32subadd.o)
 .text.dp32subadd
                0x9d00d004      0x430 /opt/microchip/xc32/v1.33/bin/bin/../../lib/gcc/pic32mx/4.5.2/../../../../pic32mx/lib/libm.a(dp32subadd.o)
                0x9d00d004                dpsub
                0x9d00d004                __subdf3
                0x9d00d00c                __adddf3
                0x9d00d00c                dpadd
 .text          0x9d00d434        0x0 /opt/microchip/xc32/v1.33/bin/bin/../../lib/gcc/pic32mx/4.5.2/../../../../pic32mx/lib/libm.a(dpcmp.o)
 .text.dpcmp    0x9d00d434      0x12c /opt/microchip/xc32/v1.33/bin/bin/../../lib/gcc/pic32mx/4.5.2/../../../../pic32mx/lib/libm.a(dpcmp.o)
                0x9d00d434                __eqdf2
                0x9d00d434                __gtdf2
                0x9d00d434                __ltdf2
                0x9d00d434                dpcmp
                0x9d00d434                __ledf2
                0x9d00d434                __nedf2
                0x9d00d434                __gedf2
 .text          0x9d00d560        0x0 /opt/microchip/xc32/v1.33/bin/bin/../../lib/gcc/pic32mx/4.5.2/../../../../pic32mx/lib/libm.a(dptofp.o)
 .text.dptofp   0x9d00d560      0x100 /opt/microchip/xc32/v1.33/bin/bin/../../lib/gcc/pic32mx/4.5.2/../../../../pic32mx/lib/libm.a(dptofp.o)
                0x9d00d560                dptofp
                0x9d00d560                __truncdfsf2
 .text          0x9d00d660        0x0 /opt/microchip/xc32/v1.33/bin/bin/../../lib/gcc/pic32mx/4.5.2/../../../../pic32mx/lib/libm.a(fpacos.o)
 .text.libm     0x9d00d660      0x208 /opt/microchip/xc32/v1.33/bin/bin/../../lib/gcc/pic32mx/4.5.2/../../../../pic32mx/lib/libm.a(fpacos.o)
                0x9d00d660                fpacos
                0x9d00d660                __mchp_acosf
 .text          0x9d00d868        0x0 /opt/microchip/xc32/v1.33/bin/bin/../../lib/gcc/pic32mx/4.5.2/../../../../pic32mx/lib/libm.a(fpasin.o)
 .text.libm     0x9d00d868      0x1dc /opt/microchip/xc32/v1.33/bin/bin/../../lib/gcc/pic32mx/4.5.2/../../../../pic32mx/lib/libm.a(fpasin.o)
                0x9d00d868                __mchp_asinf
                0x9d00d868                fpasin
 .text          0x9d00da44        0x0 /opt/microchip/xc32/v1.33/bin/bin/../../lib/gcc/pic32mx/4.5.2/../../../../pic32mx/lib/libm.a(fpatan2.o)
 .text.libm     0x9d00da44      0x248 /opt/microchip/xc32/v1.33/bin/bin/../../lib/gcc/pic32mx/4.5.2/../../../../pic32mx/lib/libm.a(fpatan2.o)
                0x9d00da44                fpatan2
                0x9d00da44                __mchp_atan2f
 .text          0x9d00dc8c        0x0 /opt/microchip/xc32/v1.33/bin/bin/../../lib/gcc/pic32mx/4.5.2/../../../../pic32mx/lib/libm.a(fpexatan.o)
 .text.fpexatan
                0x9d00dc8c        0x0 /opt/microchip/xc32/v1.33/bin/bin/../../lib/gcc/pic32mx/4.5.2/../../../../pic32mx/lib/libm.a(fpexatan.o)
 .text.libm     0x9d00dc8c      0x350 /opt/microchip/xc32/v1.33/bin/bin/../../lib/gcc/pic32mx/4.5.2/../../../../pic32mx/lib/libm.a(fpexatan.o)
                0x9d00dc8c                fpexatan
 .text          0x9d00dfdc        0x0 /opt/microchip/xc32/v1.33/bin/bin/../../lib/gcc/pic32mx/4.5.2/../../../../pic32mx/lib/libm.a(fpfabs.o)
 .text.fpfabs   0x9d00dfdc       0x14 /opt/microchip/xc32/v1.33/bin/bin/../../lib/gcc/pic32mx/4.5.2/../../../../pic32mx/lib/libm.a(fpfabs.o)
                0x9d00dfdc                fabsf
                0x9d00dfdc                fpfabs
 .text          0x9d00dff0        0x0 /opt/microchip/xc32/v1.33/bin/bin/../../lib/gcc/pic32mx/4.5.2/../../../../pic32mx/lib/libm.a(fpexsqrt32.o)
 .text.libm     0x9d00dff0       0xfc /opt/microchip/xc32/v1.33/bin/bin/../../lib/gcc/pic32mx/4.5.2/../../../../pic32mx/lib/libm.a(fpexsqrt32.o)
                0x9d00dff0                fpexsqrt
 .text          0x9d00e0ec        0x0 /opt/microchip/xc32/v1.33/bin/bin/../../lib/gcc/pic32mx/4.5.2/../../../../pic32mx/lib/libm.a(fptodp.o)
 .text.fptodp   0x9d00e0ec       0xac /opt/microchip/xc32/v1.33/bin/bin/../../lib/gcc/pic32mx/4.5.2/../../../../pic32mx/lib/libm.a(fptodp.o)
                0x9d00e0ec                __extendsfdf2
                0x9d00e0ec                fptodp
 .text          0x9d00e198        0x0 /opt/microchip/xc32/v1.33/bin/bin/../../lib/gcc/pic32mx/4.5.2/../../../../pic32mx/lib/libm.a(litodp.o)
 .text.litodp   0x9d00e198       0x78 /opt/microchip/xc32/v1.33/bin/bin/../../lib/gcc/pic32mx/4.5.2/../../../../pic32mx/lib/libm.a(litodp.o)
                0x9d00e198                __floatsidf
                0x9d00e198                litodp
 .text          0x9d00e210        0x0 /opt/microchip/xc32/v1.33/bin/bin/../../lib/gcc/pic32mx/4.5.2/../../../../pic32mx/lib/libm.a(s_lib_ver.o)
 .text          0x9d00e210        0x0 /opt/microchip/xc32/v1.33/bin/bin/../../lib/gcc/pic32mx/4.5.2/../../../../pic32mx/lib/libc.a(atoi.o)
 .text.atoi     0x9d00e210       0xa8 /opt/microchip/xc32/v1.33/bin/bin/../../lib/gcc/pic32mx/4.5.2/../../../../pic32mx/lib/libc.a(atoi.o)
                0x9d00e210                atoi
 .text          0x9d00e2b8        0x0 /opt/microchip/xc32/v1.33/bin/bin/../../lib/gcc/pic32mx/4.5.2/../../../../pic32mx/lib/libc.a(ctype.o)
 .text          0x9d00e2b8        0x0 /opt/microchip/xc32/v1.33/bin/bin/../../lib/gcc/pic32mx/4.5.2/../../../../pic32mx/lib/libc.a(errno.o)
 .text          0x9d00e2b8        0x0 /opt/microchip/xc32/v1.33/bin/bin/../../lib/gcc/pic32mx/4.5.2/../../../../pic32mx/lib/libc.a(puts.o)
 .text.fputs    0x9d00e2b8       0x78 /opt/microchip/xc32/v1.33/bin/bin/../../lib/gcc/pic32mx/4.5.2/../../../../pic32mx/lib/libc.a(puts.o)
                0x9d00e2b8                fputs
 .text.puts     0x9d00e330       0x44 /opt/microchip/xc32/v1.33/bin/bin/../../lib/gcc/pic32mx/4.5.2/../../../../pic32mx/lib/libc.a(puts.o)
                0x9d00e330                puts
 .text          0x9d00e374        0x0 /opt/microchip/xc32/v1.33/bin/bin/../../lib/gcc/pic32mx/4.5.2/../../../../pic32mx/lib/libc.a(strpbrk.o)
 .text.strpbrk  0x9d00e374       0x78 /opt/microchip/xc32/v1.33/bin/bin/../../lib/gcc/pic32mx/4.5.2/../../../../pic32mx/lib/libc.a(strpbrk.o)
                0x9d00e374                strpbrk
 .text          0x9d00e3ec        0x0 /opt/microchip/xc32/v1.33/bin/bin/../../lib/gcc/pic32mx/4.5.2/../../../../pic32mx/lib/libc.a(strtod.o)
 .text.strtod   0x9d00e3ec       0x28 /opt/microchip/xc32/v1.33/bin/bin/../../lib/gcc/pic32mx/4.5.2/../../../../pic32mx/lib/libc.a(strtod.o)
                0x9d00e3ec                strtod
 .text._dstrtod
                0x9d00e414       0x1c /opt/microchip/xc32/v1.33/bin/bin/../../lib/gcc/pic32mx/4.5.2/../../../../pic32mx/lib/libc.a(strtod.o)
                0x9d00e414                _dstrtod
 .text          0x9d00e430        0x0 /opt/microchip/xc32/v1.33/bin/bin/../../lib/gcc/pic32mx/4.5.2/../../../../pic32mx/lib/libc.a(strtol.o)
 .text.strtoul  0x9d00e430      0x220 /opt/microchip/xc32/v1.33/bin/bin/../../lib/gcc/pic32mx/4.5.2/../../../../pic32mx/lib/libc.a(strtol.o)
                0x9d00e430                strtoul
 .text.strtol   0x9d00e650      0x168 /opt/microchip/xc32/v1.33/bin/bin/../../lib/gcc/pic32mx/4.5.2/../../../../pic32mx/lib/libc.a(strtol.o)
                0x9d00e650                strtol
 .text          0x9d00e7b8        0x0 /opt/microchip/xc32/v1.33/bin/bin/../../lib/gcc/pic32mx/4.5.2/../../../../pic32mx/lib/libc.a(snprintf_cdfFnopuxX.eo)
 .text._snprintf_cdfFnopuxX
                0x9d00e7b8       0x28 /opt/microchip/xc32/v1.33/bin/bin/../../lib/gcc/pic32mx/4.5.2/../../../../pic32mx/lib/libc.a(snprintf_cdfFnopuxX.eo)
                0x9d00e7b8                _snprintf_cdfFnopuxX
                0x9d00e7b8                _snprintf_cdnopuxX
 .text          0x9d00e7e0        0x0 /opt/microchip/xc32/v1.33/bin/bin/../../lib/gcc/pic32mx/4.5.2/../../../../pic32mx/lib/libc.a(vsnprintf_cdfFnopuxX.eo)
 .text._vsnprintf_cdfFnopuxX
                0x9d00e7e0       0x64 /opt/microchip/xc32/v1.33/bin/bin/../../lib/gcc/pic32mx/4.5.2/../../../../pic32mx/lib/libc.a(vsnprintf_cdfFnopuxX.eo)
                0x9d00e7e0                _vsnprintf_cdfFnopuxX
                0x9d00e7e0                _vsnprintf_cdnopuxX
 .text          0x9d00e844        0x0 /opt/microchip/xc32/v1.33/bin/bin/../../lib/gcc/pic32mx/4.5.2/../../../../pic32mx/lib/libc.a(_iob.o)
 .text          0x9d00e844        0x0 /opt/microchip/xc32/v1.33/bin/bin/../../lib/gcc/pic32mx/4.5.2/../../../../pic32mx/lib/libc.a(_fputc_simple.o)
 .text.fputc    0x9d00e844      0x15c /opt/microchip/xc32/v1.33/bin/bin/../../lib/gcc/pic32mx/4.5.2/../../../../pic32mx/lib/libc.a(_fputc_simple.o)
                0x9d00e844                fputc
 .text          0x9d00e9a0        0x0 /opt/microchip/xc32/v1.33/bin/bin/../../lib/gcc/pic32mx/4.5.2/../../../../pic32mx/lib/libc.a(ctypef.o)
 .text.tolower  0x9d00e9a0       0x24 /opt/microchip/xc32/v1.33/bin/bin/../../lib/gcc/pic32mx/4.5.2/../../../../pic32mx/lib/libc.a(ctypef.o)
                0x9d00e9a0                tolower
 .text.toupper  0x9d00e9c4       0x24 /opt/microchip/xc32/v1.33/bin/bin/../../lib/gcc/pic32mx/4.5.2/../../../../pic32mx/lib/libc.a(ctypef.o)
                0x9d00e9c4                toupper
 .text.isalnum  0x9d00e9e8       0x18 /opt/microchip/xc32/v1.33/bin/bin/../../lib/gcc/pic32mx/4.5.2/../../../../pic32mx/lib/libc.a(ctypef.o)
                0x9d00e9e8                isalnum
 .text.isalpha  0x9d00ea00       0x18 /opt/microchip/xc32/v1.33/bin/bin/../../lib/gcc/pic32mx/4.5.2/../../../../pic32mx/lib/libc.a(ctypef.o)
                0x9d00ea00                isalpha
 .text.isascii  0x9d00ea18        0x8 /opt/microchip/xc32/v1.33/bin/bin/../../lib/gcc/pic32mx/4.5.2/../../../../pic32mx/lib/libc.a(ctypef.o)
                0x9d00ea18                isascii
 .text.iscntrl  0x9d00ea20       0x18 /opt/microchip/xc32/v1.33/bin/bin/../../lib/gcc/pic32mx/4.5.2/../../../../pic32mx/lib/libc.a(ctypef.o)
                0x9d00ea20                iscntrl
 .text.isdigit  0x9d00ea38       0x18 /opt/microchip/xc32/v1.33/bin/bin/../../lib/gcc/pic32mx/4.5.2/../../../../pic32mx/lib/libc.a(ctypef.o)
                0x9d00ea38                isdigit
 .text.isgraph  0x9d00ea50       0x18 /opt/microchip/xc32/v1.33/bin/bin/../../lib/gcc/pic32mx/4.5.2/../../../../pic32mx/lib/libc.a(ctypef.o)
                0x9d00ea50                isgraph
 .text.islower  0x9d00ea68       0x18 /opt/microchip/xc32/v1.33/bin/bin/../../lib/gcc/pic32mx/4.5.2/../../../../pic32mx/lib/libc.a(ctypef.o)
                0x9d00ea68                islower
 .text.isprint  0x9d00ea80       0x18 /opt/microchip/xc32/v1.33/bin/bin/../../lib/gcc/pic32mx/4.5.2/../../../../pic32mx/lib/libc.a(ctypef.o)
                0x9d00ea80                isprint
 .text.ispunct  0x9d00ea98       0x18 /opt/microchip/xc32/v1.33/bin/bin/../../lib/gcc/pic32mx/4.5.2/../../../../pic32mx/lib/libc.a(ctypef.o)
                0x9d00ea98                ispunct
 .text.isspace  0x9d00eab0       0x18 /opt/microchip/xc32/v1.33/bin/bin/../../lib/gcc/pic32mx/4.5.2/../../../../pic32mx/lib/libc.a(ctypef.o)
                0x9d00eab0                isspace
 .text.isupper  0x9d00eac8       0x18 /opt/microchip/xc32/v1.33/bin/bin/../../lib/gcc/pic32mx/4.5.2/../../../../pic32mx/lib/libc.a(ctypef.o)
                0x9d00eac8                isupper
 .text.isxdigit
                0x9d00eae0       0x18 /opt/microchip/xc32/v1.33/bin/bin/../../lib/gcc/pic32mx/4.5.2/../../../../pic32mx/lib/libc.a(ctypef.o)
                0x9d00eae0                isxdigit
 .text.toascii  0x9d00eaf8        0x8 /opt/microchip/xc32/v1.33/bin/bin/../../lib/gcc/pic32mx/4.5.2/../../../../pic32mx/lib/libc.a(ctypef.o)
                0x9d00eaf8                toascii
 .text._tolower
                0x9d00eb00        0x8 /opt/microchip/xc32/v1.33/bin/bin/../../lib/gcc/pic32mx/4.5.2/../../../../pic32mx/lib/libc.a(ctypef.o)
                0x9d00eb00                _tolower
 .text._toupper
                0x9d00eb08        0x8 /opt/microchip/xc32/v1.33/bin/bin/../../lib/gcc/pic32mx/4.5.2/../../../../pic32mx/lib/libc.a(ctypef.o)
                0x9d00eb08                _toupper
 .text          0x9d00eb10        0x0 /opt/microchip/xc32/v1.33/bin/bin/../../lib/gcc/pic32mx/4.5.2/../../../../pic32mx/lib/libc.a(strchr.o)
 .text.strchr   0x9d00eb10       0x28 /opt/microchip/xc32/v1.33/bin/bin/../../lib/gcc/pic32mx/4.5.2/../../../../pic32mx/lib/libc.a(strchr.o)
                0x9d00eb10                strchr
 .text          0x9d00eb38        0x0 /opt/microchip/xc32/v1.33/bin/bin/../../lib/gcc/pic32mx/4.5.2/../../../../pic32mx/lib/libc.a(doprnt_cdfFnopuxX.eo)
 .text.scale    0x9d00eb38      0x2a0 /opt/microchip/xc32/v1.33/bin/bin/../../lib/gcc/pic32mx/4.5.2/../../../../pic32mx/lib/libc.a(doprnt_cdfFnopuxX.eo)
 .text._vfprintf_cdfFnopuxX
                0x9d00edd8     0x13d4 /opt/microchip/xc32/v1.33/bin/bin/../../lib/gcc/pic32mx/4.5.2/../../../../pic32mx/lib/libc.a(doprnt_cdfFnopuxX.eo)
                0x9d00edd8                _vfprintf_cdnopuxX
                0x9d00edd8                _vfprintf_cdfFnopuxX
 .text          0x9d0101ac        0x0 /opt/microchip/xc32/v1.33/bin/bin/../../lib/gcc/pic32mx/4.5.2/../../../../pic32mx/lib/libc.a(_flsbuf_simple.o)
 .text._flsbuf  0x9d0101ac      0x12c /opt/microchip/xc32/v1.33/bin/bin/../../lib/gcc/pic32mx/4.5.2/../../../../pic32mx/lib/libc.a(_flsbuf_simple.o)
                0x9d0101ac                _flsbuf
 .text          0x9d0102d8        0x0 /opt/microchip/xc32/v1.33/bin/bin/../../lib/gcc/pic32mx/4.5.2/../../../../pic32mx/lib/libc.a(powersf.o)
 .text          0x9d0102d8        0x0 /opt/microchip/xc32/v1.33/bin/bin/../../lib/gcc/pic32mx/4.5.2/../../../../pic32mx/lib/libpic32.a(write.o)
 .text.write    0x9d0102d8       0x94 /opt/microchip/xc32/v1.33/bin/bin/../../lib/gcc/pic32mx/4.5.2/../../../../pic32mx/lib/libpic32.a(write.o)
                0x9d0102d8                write
 .text          0x9d01036c        0x0 /opt/microchip/xc32/v1.33/bin/bin/../../lib/gcc/pic32mx/4.5.2/../../../../pic32mx/lib/libm.a(fpfrexp.o)
 .text.libm     0x9d01036c       0x88 /opt/microchip/xc32/v1.33/bin/bin/../../lib/gcc/pic32mx/4.5.2/../../../../pic32mx/lib/libm.a(fpfrexp.o)
                0x9d01036c                fpfrexp
                0x9d01036c                frexpf
 .text          0x9d0103f4        0x0 /opt/microchip/xc32/v1.33/bin/bin/../../lib/gcc/pic32mx/4.5.2/../../../../pic32mx/lib/libm.a(__strtod.o)
 .text.__strtod
                0x9d0103f4      0x3e4 /opt/microchip/xc32/v1.33/bin/bin/../../lib/gcc/pic32mx/4.5.2/../../../../pic32mx/lib/libm.a(__strtod.o)
                0x9d0103f4                __strtod
 .text          0x9d0107d8        0x0 /opt/microchip/xc32/v1.33/bin/bin/../../lib/gcc/pic32mx/4.5.2/../../../../pic32mx/lib/libm.a(negdf2.o)
 .text.negdf2   0x9d0107d8       0x1c /opt/microchip/xc32/v1.33/bin/bin/../../lib/gcc/pic32mx/4.5.2/../../../../pic32mx/lib/libm.a(negdf2.o)
                0x9d0107d8                __negdf2
 .text          0x9d0107f4        0x0 /opt/microchip/xc32/v1.33/bin/bin/../../lib/gcc/pic32mx/4.5.2/../../../../pic32mx/lib/libe.a(_floatdisf.o)
 .text.__floatdisf
                0x9d0107f4      0x220 /opt/microchip/xc32/v1.33/bin/bin/../../lib/gcc/pic32mx/4.5.2/../../../../pic32mx/lib/libe.a(_floatdisf.o)
                0x9d0107f4                __floatdisf
 .text          0x9d010a14        0x0 /opt/microchip/xc32/v1.33/bin/bin/../../lib/gcc/pic32mx/4.5.2/../../../../pic32mx/lib/libe.a(_ldexp.o)
 .text.__ldexp  0x9d010a14      0x1d4 /opt/microchip/xc32/v1.33/bin/bin/../../lib/gcc/pic32mx/4.5.2/../../../../pic32mx/lib/libe.a(_ldexp.o)
                0x9d010a14                __ldexp
 .text          0x9d010be8       0x44 /opt/microchip/xc32/v1.33/bin/bin/../../lib/gcc/pic32mx/4.5.2/libgcc.a(_lshrdi3.o)
                0x9d010be8                __lshrdi3
 .text          0x9d010c2c       0x44 /opt/microchip/xc32/v1.33/bin/bin/../../lib/gcc/pic32mx/4.5.2/libgcc.a(_ashldi3.o)
                0x9d010c2c                __ashldi3
 .text          0x9d010c70       0xd4 /opt/microchip/xc32/v1.33/bin/bin/../../lib/gcc/pic32mx/4.5.2/libgcc.a(_floatundisf.o)
                0x9d010c70                __floatundisf
 .text          0x9d010d44      0x44c /opt/microchip/xc32/v1.33/bin/bin/../../lib/gcc/pic32mx/4.5.2/libgcc.a(_udivdi3.o)
                0x9d010d44                __udivdi3
 .text          0x9d011190      0x45c /opt/microchip/xc32/v1.33/bin/bin/../../lib/gcc/pic32mx/4.5.2/libgcc.a(_umoddi3.o)
                0x9d011190                __umoddi3
 .text          0x9d0115ec       0x4c /opt/microchip/xc32/v1.33/bin/bin/../../lib/gcc/pic32mx/4.5.2/libgcc.a(floatunsisf.o)
                0x9d0115ec                __floatunsisf
 *(.text.*personality*)
 *(.gnu.warning)
 *(.mips16.fn.*)
 *(.mips16.call.*)
                0x9d011638                _text_end = .

.rodata         0x9d011638      0x858
 *(.rodata .rodata.* .gnu.linkonce.r.*)
 .rodata        0x9d011638      0x54c build/default/production/main.o
                0x9d011638                font
                0x9d011818                littlenumbers
 .rodata        0x9d011b84       0x18 /opt/microchip/xc32/v1.33/bin/bin/../../lib/gcc/pic32mx/4.5.2/../../../../pic32mx/lib/libmchp_peripheral_32MX695F512H.a(uart_lib.o)
                0x9d011b84                uartReg
 .rodata        0x9d011b9c        0x4 /opt/microchip/xc32/v1.33/bin/bin/../../lib/gcc/pic32mx/4.5.2/../../../../pic32mx/lib/libm.a(w_acosf.o)
 .rodata        0x9d011ba0        0x4 /opt/microchip/xc32/v1.33/bin/bin/../../lib/gcc/pic32mx/4.5.2/../../../../pic32mx/lib/libm.a(w_asinf.o)
 *fill*         0x9d011ba4        0x4 
 .rodata        0x9d011ba8       0x28 /opt/microchip/xc32/v1.33/bin/bin/../../lib/gcc/pic32mx/4.5.2/../../../../pic32mx/lib/libm.a(w_atan2f.o)
 .rodata        0x9d011bd0       0x20 /opt/microchip/xc32/v1.33/bin/bin/../../lib/gcc/pic32mx/4.5.2/../../../../pic32mx/lib/libm.a(support.o)
 .rodata        0x9d011bf0      0x104 /opt/microchip/xc32/v1.33/bin/bin/../../lib/gcc/pic32mx/4.5.2/../../../../pic32mx/lib/libc.a(ctype.o)
                0x9d011bf0                _ctype
 *fill*         0x9d011cf4        0x4 
 .rodata        0x9d011cf8       0xe0 /opt/microchip/xc32/v1.33/bin/bin/../../lib/gcc/pic32mx/4.5.2/../../../../pic32mx/lib/libc.a(doprnt_cdfFnopuxX.eo)
 .rodata        0x9d011dd8       0x68 /opt/microchip/xc32/v1.33/bin/bin/../../lib/gcc/pic32mx/4.5.2/../../../../pic32mx/lib/libc.a(powersf.o)
                0x9d011dd8                _powers_f
                0x9d011e0c                _npowers_f
 .rodata        0x9d011e40       0x48 /opt/microchip/xc32/v1.33/bin/bin/../../lib/gcc/pic32mx/4.5.2/../../../../pic32mx/lib/libm.a(__strtod.o)
 .rodata        0x9d011e88        0x8 /opt/microchip/xc32/v1.33/bin/bin/../../lib/gcc/pic32mx/4.5.2/libgcc.a(_floatundisf.o)
 *(.rodata1)
                0x9d011e90                . = ALIGN (0x4)

.sdata2         0x9d011e90        0x0
 *(.sdata2 .sdata2.* .gnu.linkonce.s2.*)
                0x9d011e90                . = ALIGN (0x4)

.sbss2          0x9d011e90        0x0
 *(.sbss2 .sbss2.* .gnu.linkonce.sb2.*)
                0x9d011e90                . = ALIGN (0x4)

.eh_frame_hdr
 *(.eh_frame_hdr)

.eh_frame
 *(.eh_frame)

.dbg_data       0xa0000000        0x0
                0xa0000000                . = (. + DEFINED (_DEBUGGER)?0x200:0x0)

.persist        0xa0000000        0x0
                0xa0000000                _persist_begin = .
 *(.persist .persist.*)
                0xa0000000                _persist_end = .

.data           0xa0000000      0x1ec load address 0x9d011e90
                0xa0000000                _data_begin = .
 *(.data .data.* .gnu.linkonce.d.*)
 .data          0xa0000000        0x0 /opt/microchip/xc32/v1.33/bin/bin/../../lib/gcc/pic32mx/4.5.2/../../../../pic32mx/lib/./proc/32MX695F512H/crt0_mips32r2.o
 .data          0xa0000000        0x0 /opt/microchip/xc32/v1.33/bin/bin/../../lib/gcc/pic32mx/4.5.2/../../../../pic32mx/lib/debug-exception-return.o
 .data          0xa0000000        0xc build/default/production/main.o
                0xa0000000                versionNumber
 .data          0xa000000c        0x0 /opt/microchip/xc32/v1.33/bin/bin/../../lib/gcc/pic32mx/4.5.2/../../../../pic32mx/lib/./proc/32MX695F512H/processor.o
 .data          0xa000000c        0x0 /opt/microchip/xc32/v1.33/bin/bin/../../lib/gcc/pic32mx/4.5.2/../../../../pic32mx/lib/libmchp_peripheral.a(open_core_timer_lib.o)
 .data          0xa000000c        0x0 /opt/microchip/xc32/v1.33/bin/bin/../../lib/gcc/pic32mx/4.5.2/../../../../pic32mx/lib/libmchp_peripheral_32MX695F512H.a(pcache.o)
 .data          0xa000000c        0x0 /opt/microchip/xc32/v1.33/bin/bin/../../lib/gcc/pic32mx/4.5.2/../../../../pic32mx/lib/libmchp_peripheral_32MX695F512H.a(int_disable_interrupts_lib.o)
 .data          0xa000000c        0x0 /opt/microchip/xc32/v1.33/bin/bin/../../lib/gcc/pic32mx/4.5.2/../../../../pic32mx/lib/libmchp_peripheral_32MX695F512H.a(int_restore_interrupts_lib.o)
 .data          0xa000000c        0x0 /opt/microchip/xc32/v1.33/bin/bin/../../lib/gcc/pic32mx/4.5.2/../../../../pic32mx/lib/libmchp_peripheral_32MX695F512H.a(int_enable_mv_int_lib.o)
 .data          0xa000000c        0x0 /opt/microchip/xc32/v1.33/bin/bin/../../lib/gcc/pic32mx/4.5.2/../../../../pic32mx/lib/libmchp_peripheral_32MX695F512H.a(uart_lib.o)
 .data          0xa000000c        0x0 /opt/microchip/xc32/v1.33/bin/bin/../../lib/gcc/pic32mx/4.5.2/../../../../pic32mx/lib/libmchp_peripheral_32MX695F512H.a(int_enable_interrupts_lib.o)
 .data          0xa000000c        0x0 /opt/microchip/xc32/v1.33/bin/bin/../../lib/gcc/pic32mx/4.5.2/../../../../pic32mx/lib/./proc/32MX695F512H/default_isr_vectors.o
 .data          0xa000000c        0x0 /opt/microchip/xc32/v1.33/bin/bin/../../lib/gcc/pic32mx/4.5.2/../../../../pic32mx/lib/pic32_software_reset.o
 .data          0xa000000c        0x0 /opt/microchip/xc32/v1.33/bin/bin/../../lib/gcc/pic32mx/4.5.2/../../../../pic32mx/lib/libpic32.a(memcpy.o)
 .data          0xa000000c        0x0 /opt/microchip/xc32/v1.33/bin/bin/../../lib/gcc/pic32mx/4.5.2/../../../../pic32mx/lib/libpic32.a(memset.o)
 .data          0xa000000c        0x0 /opt/microchip/xc32/v1.33/bin/bin/../../lib/gcc/pic32mx/4.5.2/../../../../pic32mx/lib/libpic32.a(strcmp.o)
 .data          0xa000000c        0x0 /opt/microchip/xc32/v1.33/bin/bin/../../lib/gcc/pic32mx/4.5.2/../../../../pic32mx/lib/libpic32.a(strcpy.o)
 .data          0xa000000c        0x0 /opt/microchip/xc32/v1.33/bin/bin/../../lib/gcc/pic32mx/4.5.2/../../../../pic32mx/lib/libpic32.a(strlen.o)
 .data          0xa000000c        0x0 /opt/microchip/xc32/v1.33/bin/bin/../../lib/gcc/pic32mx/4.5.2/../../../../pic32mx/lib/libpic32.a(default-bootstrap-exception-handler.o)
 .data          0xa000000c        0x0 /opt/microchip/xc32/v1.33/bin/bin/../../lib/gcc/pic32mx/4.5.2/../../../../pic32mx/lib/libpic32.a(default-on-reset.o)
 .data          0xa000000c        0x0 /opt/microchip/xc32/v1.33/bin/bin/../../lib/gcc/pic32mx/4.5.2/../../../../pic32mx/lib/libpic32.a(default-on-bootstrap.o)
 .data          0xa000000c        0x0 /opt/microchip/xc32/v1.33/bin/bin/../../lib/gcc/pic32mx/4.5.2/../../../../pic32mx/lib/libpic32.a(default-nmi-handler.o)
 .data          0xa000000c        0x0 /opt/microchip/xc32/v1.33/bin/bin/../../lib/gcc/pic32mx/4.5.2/../../../../pic32mx/lib/libpic32.a(general-exception.o)
 .data          0xa000000c        0x0 /opt/microchip/xc32/v1.33/bin/bin/../../lib/gcc/pic32mx/4.5.2/../../../../pic32mx/lib/libpic32.a(vector0.o)
 .data          0xa000000c        0x0 /opt/microchip/xc32/v1.33/bin/bin/../../lib/gcc/pic32mx/4.5.2/../../../../pic32mx/lib/libpic32.a(vector1.o)
 .data          0xa000000c        0x0 /opt/microchip/xc32/v1.33/bin/bin/../../lib/gcc/pic32mx/4.5.2/../../../../pic32mx/lib/libpic32.a(vector2.o)
 .data          0xa000000c        0x0 /opt/microchip/xc32/v1.33/bin/bin/../../lib/gcc/pic32mx/4.5.2/../../../../pic32mx/lib/libpic32.a(vector3.o)
 .data          0xa000000c        0x0 /opt/microchip/xc32/v1.33/bin/bin/../../lib/gcc/pic32mx/4.5.2/../../../../pic32mx/lib/libpic32.a(vector4.o)
 .data          0xa000000c        0x0 /opt/microchip/xc32/v1.33/bin/bin/../../lib/gcc/pic32mx/4.5.2/../../../../pic32mx/lib/libpic32.a(vector5.o)
 .data          0xa000000c        0x0 /opt/microchip/xc32/v1.33/bin/bin/../../lib/gcc/pic32mx/4.5.2/../../../../pic32mx/lib/libpic32.a(vector6.o)
 .data          0xa000000c        0x0 /opt/microchip/xc32/v1.33/bin/bin/../../lib/gcc/pic32mx/4.5.2/../../../../pic32mx/lib/libpic32.a(vector7.o)
 .data          0xa000000c        0x0 /opt/microchip/xc32/v1.33/bin/bin/../../lib/gcc/pic32mx/4.5.2/../../../../pic32mx/lib/libpic32.a(vector9.o)
 .data          0xa000000c        0x0 /opt/microchip/xc32/v1.33/bin/bin/../../lib/gcc/pic32mx/4.5.2/../../../../pic32mx/lib/libpic32.a(vector10.o)
 .data          0xa000000c        0x0 /opt/microchip/xc32/v1.33/bin/bin/../../lib/gcc/pic32mx/4.5.2/../../../../pic32mx/lib/libpic32.a(vector11.o)
 .data          0xa000000c        0x0 /opt/microchip/xc32/v1.33/bin/bin/../../lib/gcc/pic32mx/4.5.2/../../../../pic32mx/lib/libpic32.a(vector12.o)
 .data          0xa000000c        0x0 /opt/microchip/xc32/v1.33/bin/bin/../../lib/gcc/pic32mx/4.5.2/../../../../pic32mx/lib/libpic32.a(vector13.o)
 .data          0xa000000c        0x0 /opt/microchip/xc32/v1.33/bin/bin/../../lib/gcc/pic32mx/4.5.2/../../../../pic32mx/lib/libpic32.a(vector14.o)
 .data          0xa000000c        0x0 /opt/microchip/xc32/v1.33/bin/bin/../../lib/gcc/pic32mx/4.5.2/../../../../pic32mx/lib/libpic32.a(vector15.o)
 .data          0xa000000c        0x0 /opt/microchip/xc32/v1.33/bin/bin/../../lib/gcc/pic32mx/4.5.2/../../../../pic32mx/lib/libpic32.a(vector16.o)
 .data          0xa000000c        0x0 /opt/microchip/xc32/v1.33/bin/bin/../../lib/gcc/pic32mx/4.5.2/../../../../pic32mx/lib/libpic32.a(vector17.o)
 .data          0xa000000c        0x0 /opt/microchip/xc32/v1.33/bin/bin/../../lib/gcc/pic32mx/4.5.2/../../../../pic32mx/lib/libpic32.a(vector18.o)
 .data          0xa000000c        0x0 /opt/microchip/xc32/v1.33/bin/bin/../../lib/gcc/pic32mx/4.5.2/../../../../pic32mx/lib/libpic32.a(vector19.o)
 .data          0xa000000c        0x0 /opt/microchip/xc32/v1.33/bin/bin/../../lib/gcc/pic32mx/4.5.2/../../../../pic32mx/lib/libpic32.a(vector20.o)
 .data          0xa000000c        0x0 /opt/microchip/xc32/v1.33/bin/bin/../../lib/gcc/pic32mx/4.5.2/../../../../pic32mx/lib/libpic32.a(vector21.o)
 .data          0xa000000c        0x0 /opt/microchip/xc32/v1.33/bin/bin/../../lib/gcc/pic32mx/4.5.2/../../../../pic32mx/lib/libpic32.a(vector22.o)
 .data          0xa000000c        0x0 /opt/microchip/xc32/v1.33/bin/bin/../../lib/gcc/pic32mx/4.5.2/../../../../pic32mx/lib/libpic32.a(vector23.o)
 .data          0xa000000c        0x0 /opt/microchip/xc32/v1.33/bin/bin/../../lib/gcc/pic32mx/4.5.2/../../../../pic32mx/lib/libpic32.a(vector25.o)
 .data          0xa000000c        0x0 /opt/microchip/xc32/v1.33/bin/bin/../../lib/gcc/pic32mx/4.5.2/../../../../pic32mx/lib/libpic32.a(vector27.o)
 .data          0xa000000c        0x0 /opt/microchip/xc32/v1.33/bin/bin/../../lib/gcc/pic32mx/4.5.2/../../../../pic32mx/lib/libpic32.a(vector28.o)
 .data          0xa000000c        0x0 /opt/microchip/xc32/v1.33/bin/bin/../../lib/gcc/pic32mx/4.5.2/../../../../pic32mx/lib/libpic32.a(vector29.o)
 .data          0xa000000c        0x0 /opt/microchip/xc32/v1.33/bin/bin/../../lib/gcc/pic32mx/4.5.2/../../../../pic32mx/lib/libpic32.a(vector30.o)
 .data          0xa000000c        0x0 /opt/microchip/xc32/v1.33/bin/bin/../../lib/gcc/pic32mx/4.5.2/../../../../pic32mx/lib/libpic32.a(vector31.o)
 .data          0xa000000c        0x0 /opt/microchip/xc32/v1.33/bin/bin/../../lib/gcc/pic32mx/4.5.2/../../../../pic32mx/lib/libpic32.a(vector33.o)
 .data          0xa000000c        0x0 /opt/microchip/xc32/v1.33/bin/bin/../../lib/gcc/pic32mx/4.5.2/../../../../pic32mx/lib/libpic32.a(vector34.o)
 .data          0xa000000c        0x0 /opt/microchip/xc32/v1.33/bin/bin/../../lib/gcc/pic32mx/4.5.2/../../../../pic32mx/lib/libpic32.a(vector35.o)
 .data          0xa000000c        0x0 /opt/microchip/xc32/v1.33/bin/bin/../../lib/gcc/pic32mx/4.5.2/../../../../pic32mx/lib/libpic32.a(vector36.o)
 .data          0xa000000c        0x0 /opt/microchip/xc32/v1.33/bin/bin/../../lib/gcc/pic32mx/4.5.2/../../../../pic32mx/lib/libpic32.a(vector37.o)
 .data          0xa000000c        0x0 /opt/microchip/xc32/v1.33/bin/bin/../../lib/gcc/pic32mx/4.5.2/../../../../pic32mx/lib/libpic32.a(vector38.o)
 .data          0xa000000c        0x0 /opt/microchip/xc32/v1.33/bin/bin/../../lib/gcc/pic32mx/4.5.2/../../../../pic32mx/lib/libpic32.a(vector39.o)
 .data          0xa000000c        0x0 /opt/microchip/xc32/v1.33/bin/bin/../../lib/gcc/pic32mx/4.5.2/../../../../pic32mx/lib/libpic32.a(vector40.o)
 .data          0xa000000c        0x0 /opt/microchip/xc32/v1.33/bin/bin/../../lib/gcc/pic32mx/4.5.2/../../../../pic32mx/lib/libpic32.a(vector41.o)
 .data          0xa000000c        0x0 /opt/microchip/xc32/v1.33/bin/bin/../../lib/gcc/pic32mx/4.5.2/../../../../pic32mx/lib/libpic32.a(vector42.o)
 .data          0xa000000c        0x0 /opt/microchip/xc32/v1.33/bin/bin/../../lib/gcc/pic32mx/4.5.2/../../../../pic32mx/lib/libpic32.a(vector43.o)
 .data          0xa000000c        0x0 /opt/microchip/xc32/v1.33/bin/bin/../../lib/gcc/pic32mx/4.5.2/../../../../pic32mx/lib/libpic32.a(vector44.o)
 .data          0xa000000c        0x0 /opt/microchip/xc32/v1.33/bin/bin/../../lib/gcc/pic32mx/4.5.2/../../../../pic32mx/lib/libpic32.a(vector45.o)
 .data          0xa000000c        0x0 /opt/microchip/xc32/v1.33/bin/bin/../../lib/gcc/pic32mx/4.5.2/../../../../pic32mx/lib/libpic32.a(vector46.o)
 .data          0xa000000c        0x0 /opt/microchip/xc32/v1.33/bin/bin/../../lib/gcc/pic32mx/4.5.2/../../../../pic32mx/lib/libpic32.a(vector47.o)
 .data          0xa000000c        0x0 /opt/microchip/xc32/v1.33/bin/bin/../../lib/gcc/pic32mx/4.5.2/../../../../pic32mx/lib/libpic32.a(vector48.o)
 .data          0xa000000c        0x0 /opt/microchip/xc32/v1.33/bin/bin/../../lib/gcc/pic32mx/4.5.2/../../../../pic32mx/lib/libpic32.a(vector49.o)
 .data          0xa000000c        0x0 /opt/microchip/xc32/v1.33/bin/bin/../../lib/gcc/pic32mx/4.5.2/../../../../pic32mx/lib/libpic32.a(vector50.o)
 .data          0xa000000c        0x0 /opt/microchip/xc32/v1.33/bin/bin/../../lib/gcc/pic32mx/4.5.2/../../../../pic32mx/lib/libpic32.a(vector51.o)
 .data          0xa000000c        0x0 /opt/microchip/xc32/v1.33/bin/bin/../../lib/gcc/pic32mx/4.5.2/../../../../pic32mx/lib/libpic32.a(vector52.o)
 .data          0xa000000c        0x0 /opt/microchip/xc32/v1.33/bin/bin/../../lib/gcc/pic32mx/4.5.2/../../../../pic32mx/lib/libpic32.a(vector53.o)
 .data          0xa000000c        0x0 /opt/microchip/xc32/v1.33/bin/bin/../../lib/gcc/pic32mx/4.5.2/../../../../pic32mx/lib/libpic32.a(vector54.o)
 .data          0xa000000c        0x0 /opt/microchip/xc32/v1.33/bin/bin/../../lib/gcc/pic32mx/4.5.2/../../../../pic32mx/lib/libpic32.a(vector55.o)
 .data          0xa000000c        0x0 /opt/microchip/xc32/v1.33/bin/bin/../../lib/gcc/pic32mx/4.5.2/../../../../pic32mx/lib/libpic32.a(vector56.o)
 .data          0xa000000c        0x0 /opt/microchip/xc32/v1.33/bin/bin/../../lib/gcc/pic32mx/4.5.2/../../../../pic32mx/lib/libpic32.a(vector57.o)
 .data          0xa000000c        0x0 /opt/microchip/xc32/v1.33/bin/bin/../../lib/gcc/pic32mx/4.5.2/../../../../pic32mx/lib/libpic32.a(vector58.o)
 .data          0xa000000c        0x0 /opt/microchip/xc32/v1.33/bin/bin/../../lib/gcc/pic32mx/4.5.2/../../../../pic32mx/lib/libpic32.a(vector59.o)
 .data          0xa000000c        0x0 /opt/microchip/xc32/v1.33/bin/bin/../../lib/gcc/pic32mx/4.5.2/../../../../pic32mx/lib/libpic32.a(vector60.o)
 .data          0xa000000c        0x0 /opt/microchip/xc32/v1.33/bin/bin/../../lib/gcc/pic32mx/4.5.2/../../../../pic32mx/lib/libpic32.a(vector61.o)
 .data          0xa000000c        0x0 /opt/microchip/xc32/v1.33/bin/bin/../../lib/gcc/pic32mx/4.5.2/../../../../pic32mx/lib/libpic32.a(vector62.o)
 .data          0xa000000c        0x0 /opt/microchip/xc32/v1.33/bin/bin/../../lib/gcc/pic32mx/4.5.2/../../../../pic32mx/lib/libpic32.a(vector63.o)
 .data          0xa000000c        0x0 /opt/microchip/xc32/v1.33/bin/bin/../../lib/gcc/pic32mx/4.5.2/../../../../pic32mx/lib/libpic32.a(default-general-exception-handler.o)
 .data          0xa000000c        0x0 /opt/microchip/xc32/v1.33/bin/bin/../../lib/gcc/pic32mx/4.5.2/../../../../pic32mx/lib/libpic32.a(defaultinterrupt.o)
 .data          0xa000000c        0x0 /opt/microchip/xc32/v1.33/bin/bin/../../lib/gcc/pic32mx/4.5.2/../../../../pic32mx/lib/libm.a(fp32div.o)
 .data          0xa000000c        0x0 /opt/microchip/xc32/v1.33/bin/bin/../../lib/gcc/pic32mx/4.5.2/../../../../pic32mx/lib/libm.a(fp32mul.o)
 .data          0xa000000c        0x0 /opt/microchip/xc32/v1.33/bin/bin/../../lib/gcc/pic32mx/4.5.2/../../../../pic32mx/lib/libm.a(fp32subadd.o)
 .data          0xa000000c        0x0 /opt/microchip/xc32/v1.33/bin/bin/../../lib/gcc/pic32mx/4.5.2/../../../../pic32mx/lib/libm.a(fpcmp.o)
 .data          0xa000000c        0x0 /opt/microchip/xc32/v1.33/bin/bin/../../lib/gcc/pic32mx/4.5.2/../../../../pic32mx/lib/libm.a(fpcos32.o)